2026/09/07 21:02:41 INFO  : flags/fit_log.jsonl: Copied (new)
2026/09/07 21:02:50 INFO  : flags/flag_only/layer0_sae_d7168.pt: Copied (new)
2026/09/07 21:02:53 INFO  : flags/flag_only/layer10_sae_d7168.pt: Copied (new)
2026/09/07 21:03:07 INFO  : 
Transferred:   	  784.192 MiB / 11.104 GiB, 7%, 24.310 MiB/s, ETA 7m15s
Transferred:            3 / 59, 5%
Elapsed time:        31.1s
Transferring:
 *          flags/flag_only/layer11_sae_d7168.pt:100% /196.044Mi, 11.487Mi/s, 0s
 *          flags/flag_only/layer12_sae_d7168.pt:100% /196.044Mi, 14.003Mi/s, 0s

2026/09/07 21:03:37 INFO  : 
Transferred:   	  784.192 MiB / 11.296 GiB, 7%, 3.507 MiB/s, ETA 51m14s
Transferred:            3 / 59, 5%
Elapsed time:       1m1.1s
Transferring:
 *          flags/flag_only/layer11_sae_d7168.pt:  0% /196.044Mi, 0/s, -
 *          flags/flag_only/layer12_sae_d7168.pt:100% /196.044Mi, 2.011Mi/s, 0s

2026/09/07 21:04:07 INFO  : 
Transferred:   	  784.192 MiB / 11.296 GiB, 7%, 518.038 KiB/s, ETA 5h55m13s
Transferred:            3 / 59, 5%
Elapsed time:      1m31.1s
Transferring:
 *          flags/flag_only/layer11_sae_d7168.pt:  0% /196.044Mi, 0/s, -
 *          flags/flag_only/layer12_sae_d7168.pt:100% /196.044Mi, 297.076Ki/s, 0s

2026/09/07 21:04:37 INFO  : 
Transferred:   	  784.192 MiB / 11.296 GiB, 7%, 74.730 KiB/s, ETA 1d17h2m26s
Transferred:            3 / 59, 5%
Elapsed time:       2m1.1s
Transferring:
 *          flags/flag_only/layer11_sae_d7168.pt:  0% /196.044Mi, 0/s, -
 *          flags/flag_only/layer12_sae_d7168.pt:100% /196.044Mi, 42.855Ki/s, 0s

2026/09/07 21:05:07 INFO  : 
Transferred:   	    1.137 GiB / 11.678 GiB, 10%, 11.935 MiB/s, ETA 15m4s
Transferred:            3 / 59, 5%
Elapsed time:      2m31.1s
Transferring:
 *          flags/flag_only/layer11_sae_d7168.pt:  0% /196.044Mi, 0/s, -
 *          flags/flag_only/layer12_sae_d7168.pt: 93% /196.044Mi, 10.812Mi/s, 1s

2026/09/07 21:05:37 INFO  : 
Transferred:   	    1.149 GiB / 11.678 GiB, 10%, 1.840 MiB/s, ETA 1h37m39s
Transferred:            3 / 59, 5%
Elapsed time:       3m1.1s
Transferring:
 *          flags/flag_only/layer11_sae_d7168.pt:  0% /196.044Mi, 0/s, -
 *          flags/flag_only/layer12_sae_d7168.pt:100% /196.044Mi, 1.678Mi/s, 0s

2026/09/07 21:06:07 INFO  : 
Transferred:   	    1.520 GiB / 12.061 GiB, 13%, 11.017 MiB/s, ETA 16m19s
Transferred:            3 / 59, 5%
Elapsed time:      3m31.1s
Transferring:
 *          flags/flag_only/layer11_sae_d7168.pt:  0% /196.044Mi, 0/s, -
 *          flags/flag_only/layer12_sae_d7168.pt: 93% /196.044Mi, 9.109Mi/s, 1s

2026/09/07 21:06:37 INFO  : 
Transferred:   	    1.532 GiB / 12.061 GiB, 13%, 1.710 MiB/s, ETA 1h45m3s
Transferred:            3 / 59, 5%
Elapsed time:       4m1.1s
Transferring:
 *          flags/flag_only/layer11_sae_d7168.pt:  0% /196.044Mi, 0/s, -
 *          flags/flag_only/layer12_sae_d7168.pt:100% /196.044Mi, 1.435Mi/s, 0s

2026/09/07 21:07:07 INFO  : 
Transferred:   	    1.532 GiB / 12.061 GiB, 13%, 252.662 KiB/s, ETA 12h8m19s
Transferred:            3 / 59, 5%
Elapsed time:      4m31.1s
Transferring:
 *          flags/flag_only/layer11_sae_d7168.pt:  0% /196.044Mi, 0/s, -
 *          flags/flag_only/layer12_sae_d7168.pt:100% /196.044Mi, 212.004Ki/s, 0s

2026/09/07 21:07:37 INFO  : 
Transferred:   	    1.532 GiB / 12.061 GiB, 13%, 36.448 KiB/s, ETA 3d12h8m46s
Transferred:            3 / 59, 5%
Elapsed time:       5m1.1s
Transferring:
 *          flags/flag_only/layer11_sae_d7168.pt:  0% /196.044Mi, 0/s, -
 *          flags/flag_only/layer12_sae_d7168.pt:100% /196.044Mi, 30.583Ki/s, 0s

2026/09/07 21:11:39 INFO  : Starting transaction limiter: max 1 transactions/s with burst 1
2026/09/07 21:12:42 INFO  : 
Transferred:   	  196.044 MiB / 10.721 GiB, 2%, 1.159 MiB/s, ETA 2h35m3s
Checks:                 3 / 3, 100%
Transferred:            0 / 56, 0%
Elapsed time:       1m2.3s
Transferring:
 *          flags/flag_only/layer11_sae_d7168.pt:100% /196.044Mi, 1.159Mi/s, 0s

2026/09/07 21:13:42 INFO  : 
Transferred:   	  196.044 MiB / 10.913 GiB, 2%, 24.697 KiB/s, ETA 5d6h26m19s
Checks:                 3 / 3, 100%
Transferred:            0 / 56, 0%
Elapsed time:       2m2.3s
Transferring:
 *          flags/flag_only/layer11_sae_d7168.pt:  0% /196.044Mi, 0/s, -

2026/09/07 21:14:38 INFO  : flags/flag_only/layer11_sae_d7168.pt: Copied (new)
2026/09/07 21:14:42 INFO  : 
Transferred:   	  408.089 MiB / 10.913 GiB, 4%, 5.258 MiB/s, ETA 34m7s
Checks:                 3 / 3, 100%
Transferred:            1 / 56, 2%
Elapsed time:       3m2.3s
Transferring:
 *          flags/flag_only/layer12_sae_d7168.pt:  8% /196.044Mi, 2.667Mi/s, 1m7s

2026/09/07 21:15:42 INFO  : 
Transferred:   	  588.133 MiB / 10.913 GiB, 5%, 872.739 KiB/s, ETA 3h27m1s
Checks:                 3 / 3, 100%
Transferred:            1 / 56, 2%
Elapsed time:       4m2.3s
Transferring:
 *          flags/flag_only/layer12_sae_d7168.pt:100% /196.044Mi, 728.228Ki/s, 0s

2026/09/07 21:16:42 INFO  : 
Transferred:   	  588.133 MiB / 11.104 GiB, 5%, 872.739 KiB/s, ETA 3h30m51s
Checks:                 3 / 3, 100%
Transferred:            1 / 56, 2%
Elapsed time:       5m2.3s
Transferring:
 *          flags/flag_only/layer12_sae_d7168.pt:  0% /196.044Mi, 0/s, -

2026/09/07 21:17:42 INFO  : 
Transferred:   	  588.133 MiB / 11.104 GiB, 5%, 872.739 KiB/s, ETA 3h30m51s
Checks:                 3 / 3, 100%
Transferred:            1 / 56, 2%
Elapsed time:       6m2.3s
Transferring:
 *          flags/flag_only/layer12_sae_d7168.pt:  0% /196.044Mi, 0/s, -

2026/09/07 21:18:42 INFO  : 
Transferred:   	  784.177 MiB / 11.104 GiB, 7%, 872.739 KiB/s, ETA 3h27m1s
Checks:                 3 / 3, 100%
Transferred:            1 / 56, 2%
Elapsed time:       7m2.3s
Transferring:
 *          flags/flag_only/layer12_sae_d7168.pt:100% /196.044Mi, 1.309Mi/s, 0s

2026/09/07 21:19:42 INFO  : 
Transferred:   	  784.177 MiB / 11.296 GiB, 7%, 872.739 KiB/s, ETA 3h30m51s
Checks:                 3 / 3, 100%
Transferred:            1 / 56, 2%
Elapsed time:       8m2.3s
Transferring:
 *          flags/flag_only/layer12_sae_d7168.pt:  0% /196.044Mi, 0/s, -

2026/09/07 21:20:42 INFO  : 
Transferred:   	  784.177 MiB / 11.296 GiB, 7%, 872.739 KiB/s, ETA 3h30m51s
Checks:                 3 / 3, 100%
Transferred:            1 / 56, 2%
Elapsed time:       9m2.3s
Transferring:
 *          flags/flag_only/layer12_sae_d7168.pt:  0% /196.044Mi, 0/s, -

2026/09/07 21:21:42 INFO  : 
Transferred:   	  980.222 MiB / 11.296 GiB, 8%, 872.739 KiB/s, ETA 3h27m1s
Checks:                 3 / 3, 100%
Transferred:            1 / 56, 2%
Elapsed time:      10m2.3s
Transferring:
 *          flags/flag_only/layer12_sae_d7168.pt:100% /196.044Mi, 852.970Ki/s, 0s

2026/09/07 21:22:42 INFO  : 
Transferred:   	  980.222 MiB / 11.487 GiB, 8%, 872.739 KiB/s, ETA 3h30m51s
Checks:                 3 / 3, 100%
Transferred:            1 / 56, 2%
Elapsed time:      11m2.3s
Transferring:
 *          flags/flag_only/layer12_sae_d7168.pt:  0% /196.044Mi, 0/s, -

2026/09/07 21:23:42 INFO  : 
Transferred:   	  996.222 MiB / 11.487 GiB, 8%, 872.739 KiB/s, ETA 3h30m32s
Checks:                 3 / 3, 100%
Transferred:            1 / 56, 2%
Elapsed time:      12m2.3s
Transferring:
 *          flags/flag_only/layer12_sae_d7168.pt:  8% /196.044Mi, 511.999Ki/s, 6m0s

2026/09/07 21:24:42 INFO  : 
Transferred:   	    1.149 GiB / 11.487 GiB, 10%, 872.739 KiB/s, ETA 3h27m1s
Checks:                 3 / 3, 100%
Transferred:            1 / 56, 2%
Elapsed time:      13m2.3s
Transferring:
 *          flags/flag_only/layer12_sae_d7168.pt:100% /196.044Mi, 617.718Ki/s, 0s

2026/09/07 21:25:42 INFO  : 
Transferred:   	    1.149 GiB / 11.678 GiB, 10%, 872.739 KiB/s, ETA 3h30m51s
Checks:                 3 / 3, 100%
Transferred:            1 / 56, 2%
Elapsed time:      14m2.3s
Transferring:
 *          flags/flag_only/layer12_sae_d7168.pt:  0% /196.044Mi, 0/s, -

2026/09/07 21:26:42 INFO  : 
Transferred:   	    1.149 GiB / 11.678 GiB, 10%, 872.739 KiB/s, ETA 3h30m51s
Checks:                 3 / 3, 100%
Transferred:            1 / 56, 2%
Elapsed time:      15m2.3s
Transferring:
 *          flags/flag_only/layer12_sae_d7168.pt:  0% /196.044Mi, 0/s, -

2026/09/07 21:27:42 INFO  : 
Transferred:   	    1.340 GiB / 11.678 GiB, 11%, 872.739 KiB/s, ETA 3h27m1s
Checks:                 3 / 3, 100%
Transferred:            1 / 56, 2%
Elapsed time:      16m2.3s
Transferring:
 *          flags/flag_only/layer12_sae_d7168.pt:100% /196.044Mi, 1.309Mi/s, 0s

2026/09/07 21:28:42 INFO  : 
Transferred:   	    1.340 GiB / 11.870 GiB, 11%, 872.739 KiB/s, ETA 3h30m51s
Checks:                 3 / 3, 100%
Transferred:            1 / 56, 2%
Elapsed time:      17m2.3s
Transferring:
 *          flags/flag_only/layer12_sae_d7168.pt:  0% /196.044Mi, 0/s, -

2026/09/07 21:29:42 INFO  : 
Transferred:   	    1.340 GiB / 11.870 GiB, 11%, 872.739 KiB/s, ETA 3h30m51s
Checks:                 3 / 3, 100%
Transferred:            1 / 56, 2%
Elapsed time:      18m2.3s
Transferring:
 *          flags/flag_only/layer12_sae_d7168.pt:  0% /196.044Mi, 0/s, -

2026/09/07 21:30:42 INFO  : 
Transferred:   	    1.532 GiB / 11.870 GiB, 13%, 872.739 KiB/s, ETA 3h27m1s
Checks:                 3 / 3, 100%
Transferred:            1 / 56, 2%
Elapsed time:      19m2.3s
Transferring:
 *          flags/flag_only/layer12_sae_d7168.pt:100% /196.044Mi, 970.489Ki/s, 0s

2026/09/07 21:31:42 INFO  : 
Transferred:   	    1.532 GiB / 12.061 GiB, 13%, 872.739 KiB/s, ETA 3h30m51s
Checks:                 3 / 3, 100%
Transferred:            1 / 56, 2%
Elapsed time:      20m2.3s
Transferring:
 *          flags/flag_only/layer12_sae_d7168.pt:  0% /196.044Mi, 0/s, -

2026/09/07 21:32:42 INFO  : 
Transferred:   	    1.641 GiB / 12.061 GiB, 14%, 872.739 KiB/s, ETA 3h28m39s
Checks:                 3 / 3, 100%
Transferred:            1 / 56, 2%
Elapsed time:      21m2.3s
Transferring:
 *          flags/flag_only/layer12_sae_d7168.pt: 57% /196.044Mi, 4.540Mi/s, 18s

2026/09/07 21:32:54 INFO  : flags/flag_only/layer12_sae_d7168.pt: Copied (new)
2026/09/07 21:33:42 INFO  : 
Transferred:   	    1.723 GiB / 12.061 GiB, 14%, 872.739 KiB/s, ETA 3h27m1s
Checks:                 3 / 3, 100%
Transferred:            2 / 56, 4%
Elapsed time:      22m2.3s
Transferring:
 *          flags/flag_only/layer13_sae_d7168.pt:  0% /196.044Mi, 0/s, -

2026/09/07 21:34:42 INFO  : 
Transferred:   	    1.914 GiB / 12.061 GiB, 16%, 872.739 KiB/s, ETA 3h23m11s
Checks:                 3 / 3, 100%
Transferred:            2 / 56, 4%
Elapsed time:      23m2.3s
Transferring:
 *          flags/flag_only/layer13_sae_d7168.pt:100% /196.044Mi, 909.834Ki/s, 0s

2026/09/07 21:35:42 INFO  : 
Transferred:   	    1.914 GiB / 12.253 GiB, 16%, 872.739 KiB/s, ETA 3h27m1s
Checks:                 3 / 3, 100%
Transferred:            2 / 56, 4%
Elapsed time:      24m2.3s
Transferring:
 *          flags/flag_only/layer13_sae_d7168.pt:  0% /196.044Mi, 0/s, -

2026/09/07 21:36:42 INFO  : 
Transferred:   	    1.938 GiB / 12.253 GiB, 16%, 872.739 KiB/s, ETA 3h26m33s
Checks:                 3 / 3, 100%
Transferred:            2 / 56, 4%
Elapsed time:      25m2.3s
Transferring:
 *          flags/flag_only/layer13_sae_d7168.pt: 12% /196.044Mi, 1.408Mi/s, 2m2s

2026/09/07 21:37:42 INFO  : 
Transferred:   	    2.106 GiB / 12.253 GiB, 17%, 872.739 KiB/s, ETA 3h23m11s
Checks:                 3 / 3, 100%
Transferred:            2 / 56, 4%
Elapsed time:      26m2.3s
Transferring:
 *          flags/flag_only/layer13_sae_d7168.pt:100% /196.044Mi, 543.277Ki/s, 0s

2026/09/07 21:38:42 INFO  : 
Transferred:   	    2.106 GiB / 12.444 GiB, 17%, 872.739 KiB/s, ETA 3h27m1s
Checks:                 3 / 3, 100%
Transferred:            2 / 56, 4%
Elapsed time:      27m2.3s
Transferring:
 *          flags/flag_only/layer13_sae_d7168.pt:  0% /196.044Mi, 0/s, -

2026/09/07 21:39:42 INFO  : 
Transferred:   	    2.161 GiB / 12.444 GiB, 17%, 872.739 KiB/s, ETA 3h25m55s
Checks:                 3 / 3, 100%
Transferred:            2 / 56, 4%
Elapsed time:      28m2.3s
Transferring:
 *          flags/flag_only/layer13_sae_d7168.pt: 28% /196.044Mi, 2.569Mi/s, 54s

2026/09/07 21:40:42 INFO  : 
Transferred:   	    2.297 GiB / 12.444 GiB, 18%, 872.739 KiB/s, ETA 3h23m11s
Checks:                 3 / 3, 100%
Transferred:            2 / 56, 4%
Elapsed time:      29m2.3s
Transferring:
 *          flags/flag_only/layer13_sae_d7168.pt:100% /196.044Mi, 447.349Ki/s, 0s

2026/09/07 21:41:42 INFO  : 
Transferred:   	    2.297 GiB / 12.636 GiB, 18%, 872.739 KiB/s, ETA 3h27m1s
Checks:                 3 / 3, 100%
Transferred:            2 / 56, 4%
Elapsed time:      30m2.3s
Transferring:
 *          flags/flag_only/layer13_sae_d7168.pt:  0% /196.044Mi, 0/s, -

2026/09/07 21:42:42 INFO  : 
Transferred:   	    2.297 GiB / 12.636 GiB, 18%, 872.739 KiB/s, ETA 3h27m1s
Checks:                 3 / 3, 100%
Transferred:            2 / 56, 4%
Elapsed time:      31m2.3s
Transferring:
 *          flags/flag_only/layer13_sae_d7168.pt:  0% /196.044Mi, 0/s, -

2026/09/07 21:43:42 INFO  : 
Transferred:   	    2.489 GiB / 12.636 GiB, 20%, 872.739 KiB/s, ETA 3h23m11s
Checks:                 3 / 3, 100%
Transferred:            2 / 56, 4%
Elapsed time:      32m2.3s
Transferring:
 *          flags/flag_only/layer13_sae_d7168.pt:100% /196.044Mi, 852.969Ki/s, 0s

2026/09/07 21:44:42 INFO  : 
Transferred:   	    2.489 GiB / 12.827 GiB, 19%, 872.739 KiB/s, ETA 3h27m1s
Checks:                 3 / 3, 100%
Transferred:            2 / 56, 4%
Elapsed time:      33m2.3s
Transferring:
 *          flags/flag_only/layer13_sae_d7168.pt:  0% /196.044Mi, 0/s, -

2026/09/07 21:45:42 INFO  : 
Transferred:   	    2.497 GiB / 12.827 GiB, 19%, 872.739 KiB/s, ETA 3h26m51s
Checks:                 3 / 3, 100%
Transferred:            2 / 56, 4%
Elapsed time:      34m2.3s
Transferring:
 *          flags/flag_only/layer13_sae_d7168.pt:  4% /196.044Mi, 0/s, -

2026/09/07 21:46:42 INFO  : 
Transferred:   	    2.680 GiB / 12.827 GiB, 21%, 872.739 KiB/s, ETA 3h23m11s
Checks:                 3 / 3, 100%
Transferred:            2 / 56, 4%
Elapsed time:      35m2.3s
Transferring:
 *          flags/flag_only/layer13_sae_d7168.pt:100% /196.044Mi, 658.898Ki/s, 0s

2026/09/07 21:47:42 INFO  : 
Transferred:   	    2.680 GiB / 13.019 GiB, 21%, 872.739 KiB/s, ETA 3h27m1s
Checks:                 3 / 3, 100%
Transferred:            2 / 56, 4%
Elapsed time:      36m2.3s
Transferring:
 *          flags/flag_only/layer13_sae_d7168.pt:  0% /196.044Mi, 0/s, -

2026/09/07 21:48:42 INFO  : 
Transferred:   	    2.680 GiB / 13.019 GiB, 21%, 872.739 KiB/s, ETA 3h27m1s
Checks:                 3 / 3, 100%
Transferred:            2 / 56, 4%
Elapsed time:      37m2.3s
Transferring:
 *          flags/flag_only/layer13_sae_d7168.pt:  0% /196.044Mi, 0/s, -

2026/09/07 21:49:42 INFO  : 
Transferred:   	    2.872 GiB / 13.019 GiB, 22%, 872.739 KiB/s, ETA 3h23m11s
Checks:                 3 / 3, 100%
Transferred:            2 / 56, 4%
Elapsed time:      38m2.3s
Transferring:
 *          flags/flag_only/layer13_sae_d7168.pt:100% /196.044Mi, 1.150Mi/s, 0s

2026/09/07 21:50:42 INFO  : 
Transferred:   	    2.872 GiB / 13.210 GiB, 22%, 872.739 KiB/s, ETA 3h27m1s
Checks:                 3 / 3, 100%
Transferred:            2 / 56, 4%
Elapsed time:      39m2.3s
Transferring:
 *          flags/flag_only/layer13_sae_d7168.pt:  0% /196.044Mi, 0/s, -

2026/09/07 21:51:42 INFO  : 
Transferred:   	    2.872 GiB / 13.210 GiB, 22%, 872.739 KiB/s, ETA 3h27m1s
Checks:                 3 / 3, 100%
Transferred:            2 / 56, 4%
Elapsed time:      40m2.3s
Transferring:
 *          flags/flag_only/layer13_sae_d7168.pt:  0% /196.044Mi, 0/s, -

2026/09/07 21:52:42 INFO  : 
Transferred:   	    3.063 GiB / 13.210 GiB, 23%, 872.739 KiB/s, ETA 3h23m11s
Checks:                 3 / 3, 100%
Transferred:            2 / 56, 4%
Elapsed time:      41m2.3s
Transferring:
 *          flags/flag_only/layer13_sae_d7168.pt:100% /196.044Mi, 970.489Ki/s, 0s

2026/09/07 21:53:42 INFO  : 
Transferred:   	    3.063 GiB / 13.401 GiB, 23%, 872.739 KiB/s, ETA 3h27m1s
Checks:                 3 / 3, 100%
Transferred:            2 / 56, 4%
Elapsed time:      42m2.3s
Transferring:
 *          flags/flag_only/layer13_sae_d7168.pt:  0% /196.044Mi, 0/s, -

2026/09/07 21:54:42 INFO  : 
Transferred:   	    3.071 GiB / 13.401 GiB, 23%, 872.739 KiB/s, ETA 3h26m51s
Checks:                 3 / 3, 100%
Transferred:            2 / 56, 4%
Elapsed time:      43m2.3s
Transferring:
 *          flags/flag_only/layer13_sae_d7168.pt:  4% /196.044Mi, 511.999Ki/s, 6m16s

2026/09/07 21:55:42 INFO  : 
Transferred:   	    3.255 GiB / 13.401 GiB, 24%, 872.739 KiB/s, ETA 3h23m11s
Checks:                 3 / 3, 100%
Transferred:            2 / 56, 4%
Elapsed time:      44m2.3s
Transferring:
 *          flags/flag_only/layer13_sae_d7168.pt:100% /196.044Mi, 617.717Ki/s, 0s

2026/09/07 21:56:42 INFO  : 
Transferred:   	    3.255 GiB / 13.593 GiB, 24%, 872.739 KiB/s, ETA 3h27m1s
Checks:                 3 / 3, 100%
Transferred:            2 / 56, 4%
Elapsed time:      45m2.3s
Transferring:
 *          flags/flag_only/layer13_sae_d7168.pt:  0% /196.044Mi, 0/s, -

2026/09/07 21:57:42 INFO  : 
Transferred:   	    3.309 GiB / 13.593 GiB, 24%, 872.739 KiB/s, ETA 3h25m55s
Checks:                 3 / 3, 100%
Transferred:            2 / 56, 4%
Elapsed time:      46m2.3s
Transferring:
 *          flags/flag_only/layer13_sae_d7168.pt: 28% /196.044Mi, 2.909Mi/s, 48s

2026/09/07 21:58:42 INFO  : 
Transferred:   	    3.446 GiB / 13.593 GiB, 25%, 872.739 KiB/s, ETA 3h23m11s
Checks:                 3 / 3, 100%
Transferred:            2 / 56, 4%
Elapsed time:      47m2.3s
Transferring:
 *          flags/flag_only/layer13_sae_d7168.pt:100% /196.044Mi, 419.415Ki/s, 0s

2026/09/07 21:59:42 INFO  : 
Transferred:   	    3.446 GiB / 13.784 GiB, 25%, 872.739 KiB/s, ETA 3h27m1s
Checks:                 3 / 3, 100%
Transferred:            2 / 56, 4%
Elapsed time:      48m2.3s
Transferring:
 *          flags/flag_only/layer13_sae_d7168.pt:  0% /196.044Mi, 0/s, -

2026/09/07 22:00:42 INFO  : 
Transferred:   	    3.446 GiB / 13.784 GiB, 25%, 872.739 KiB/s, ETA 3h27m1s
Checks:                 3 / 3, 100%
Transferred:            2 / 56, 4%
Elapsed time:      49m2.3s
Transferring:
 *          flags/flag_only/layer13_sae_d7168.pt:  0% /196.044Mi, 0/s, -

2026/09/07 22:01:29 INFO  : flags/flag_only/layer13_sae_d7168.pt: Copied (new)
2026/09/07 22:01:42 INFO  : 
Transferred:   	    3.723 GiB / 13.784 GiB, 27%, 872.739 KiB/s, ETA 3h21m27s
Checks:                 3 / 3, 100%
Transferred:            3 / 56, 5%
Elapsed time:      50m2.3s
Transferring:
 *          flags/flag_only/layer14_sae_d7168.pt: 44% /196.044Mi, 6.667Mi/s, 16s

2026/09/07 22:02:42 INFO  : 
Transferred:   	    3.829 GiB / 13.784 GiB, 28%, 872.739 KiB/s, ETA 3h19m21s
Checks:                 3 / 3, 100%
Transferred:            3 / 56, 5%
Elapsed time:      51m2.3s
Transferring:
 *          flags/flag_only/layer14_sae_d7168.pt:100% /196.044Mi, 406.920Ki/s, 0s

2026/09/07 22:03:42 INFO  : 
Transferred:   	    3.829 GiB / 13.976 GiB, 27%, 872.739 KiB/s, ETA 3h23m11s
Checks:                 3 / 3, 100%
Transferred:            3 / 56, 5%
Elapsed time:      52m2.3s
Transferring:
 *          flags/flag_only/layer14_sae_d7168.pt:  0% /196.044Mi, 0/s, -

2026/09/07 22:04:42 INFO  : 
Transferred:   	    4.020 GiB / 13.976 GiB, 29%, 872.739 KiB/s, ETA 3h19m21s
Checks:                 3 / 3, 100%
Transferred:            3 / 56, 5%
Elapsed time:      53m2.3s
Transferring:
 *          flags/flag_only/layer14_sae_d7168.pt:100% /196.044Mi, 1.309Mi/s, 0s

2026/09/07 22:05:42 INFO  : 
Transferred:   	    4.020 GiB / 14.167 GiB, 28%, 872.739 KiB/s, ETA 3h23m11s
Checks:                 3 / 3, 100%
Transferred:            3 / 56, 5%
Elapsed time:      54m2.3s
Transferring:
 *          flags/flag_only/layer14_sae_d7168.pt:  0% /196.044Mi, 0/s, -

2026/09/07 22:06:42 INFO  : 
Transferred:   	    4.020 GiB / 14.167 GiB, 28%, 872.739 KiB/s, ETA 3h23m11s
Checks:                 3 / 3, 100%
Transferred:            3 / 56, 5%
Elapsed time:      55m2.3s
Transferring:
 *          flags/flag_only/layer14_sae_d7168.pt:  0% /196.044Mi, 0/s, -

2026/09/07 22:07:42 INFO  : 
Transferred:   	    4.212 GiB / 14.167 GiB, 30%, 872.739 KiB/s, ETA 3h19m21s
Checks:                 3 / 3, 100%
Transferred:            3 / 56, 5%
Elapsed time:      56m2.3s
Transferring:
 *          flags/flag_only/layer14_sae_d7168.pt:100% /196.044Mi, 1.011Mi/s, 0s

2026/09/07 22:08:34 INFO  : Starting transaction limiter: max 1 transactions/s with burst 1
2026/09/07 22:09:36 INFO  : 
Transferred:   	  196.044 MiB / 10.147 GiB, 2%, 1.087 MiB/s, ETA 2h36m22s
Checks:                 6 / 6, 100%
Transferred:            0 / 53, 0%
Elapsed time:       1m2.4s
Transferring:
 *          flags/flag_only/layer14_sae_d7168.pt:100% /196.044Mi, 1.087Mi/s, 0s

2026/09/07 22:10:36 INFO  : 
Transferred:   	  196.044 MiB / 10.338 GiB, 2%, 23.153 KiB/s, ETA 5d7h38m34s
Checks:                 6 / 6, 100%
Transferred:            0 / 53, 0%
Elapsed time:       2m2.4s
Transferring:
 *          flags/flag_only/layer14_sae_d7168.pt:  0% /196.044Mi, 0/s, -

2026/09/07 22:11:36 INFO  : 
Transferred:   	  204.044 MiB / 10.338 GiB, 2%, 512.480 KiB/s, ETA 5h45m45s
Checks:                 6 / 6, 100%
Transferred:            0 / 53, 0%
Elapsed time:       3m2.4s
Transferring:
 *          flags/flag_only/layer14_sae_d7168.pt:  4% /196.044Mi, 0/s, -

2026/09/07 22:12:36 INFO  : 
Transferred:   	  392.089 MiB / 10.338 GiB, 4%, 622.192 KiB/s, ETA 4h39m37s
Checks:                 6 / 6, 100%
Transferred:            0 / 53, 0%
Elapsed time:       4m2.4s
Transferring:
 *          flags/flag_only/layer14_sae_d7168.pt:100% /196.044Mi, 658.898Ki/s, 0s

2026/09/07 22:13:36 INFO  : 
Transferred:   	  392.089 MiB / 10.530 GiB, 4%, 12.947 KiB/s, ETA 1w2d12h15m28s
Checks:                 6 / 6, 100%
Transferred:            0 / 53, 0%
Elapsed time:       5m2.4s
Transferring:
 *          flags/flag_only/layer14_sae_d7168.pt:  0% /196.044Mi, 0/s, -

2026/09/07 22:14:02 INFO  : Starting transaction limiter: max 2 transactions/s with burst 1
2026/09/07 22:15:53 INFO  : flags/flag_only/layer14_sae_d7168.pt: Copied (new)
2026/09/07 22:15:53 INFO  : 
Transferred:   	  392.089 MiB / 10.147 GiB, 4%, 18.991 MiB/s, ETA 8m46s
Checks:                 6 / 6, 100%
Transferred:            1 / 53, 2%
Elapsed time:      1m50.2s
Transferring:
 *          flags/flag_only/layer15_sae_d7168.pt:100% /196.044Mi, 9.696Mi/s, 0s
 *          flags/flag_only/layer16_sae_d7168.pt:  0% /196.044Mi, 0/s, -

2026/09/07 22:15:53 INFO  : flags/flag_only/layer15_sae_d7168.pt: Copied (new)
2026/09/07 22:16:53 INFO  : 
Transferred:   	  784.177 MiB / 10.147 GiB, 8%, 1.165 MiB/s, ETA 2h17m26s
Checks:                 6 / 6, 100%
Transferred:            2 / 53, 4%
Elapsed time:      2m50.2s
Transferring:
 *          flags/flag_only/layer16_sae_d7168.pt:100% /196.044Mi, 733.280Ki/s, 0s
 *          flags/flag_only/layer17_sae_d7168.pt:100% /196.044Mi, 782.166Ki/s, 0s

2026/09/07 22:17:53 INFO  : 
Transferred:   	  784.177 MiB / 10.147 GiB, 8%, 24.824 KiB/s, ETA 4d14h4m11s
Checks:                 6 / 6, 100%
Transferred:            2 / 53, 4%
Elapsed time:      3m50.2s
Transferring:
 *          flags/flag_only/layer16_sae_d7168.pt:100% /196.044Mi, 15.259Ki/s, 0s
 *          flags/flag_only/layer17_sae_d7168.pt:100% /196.044Mi, 16.276Ki/s, 0s

2026/09/07 22:18:53 INFO  : 
Transferred:   	  784.177 MiB / 10.147 GiB, 8%, 528 B/s, ETA 31w3d9h13m41s
Checks:                 6 / 6, 100%
Transferred:            2 / 53, 4%
Elapsed time:      4m50.2s
Transferring:
 *          flags/flag_only/layer16_sae_d7168.pt:100% /196.044Mi, 325/s, 0s
 *          flags/flag_only/layer17_sae_d7168.pt:100% /196.044Mi, 346/s, 0s

2026/09/07 22:19:53 INFO  : 
Transferred:   	  784.177 MiB / 10.338 GiB, 7%, 11 B/s, ETA 29y31w4d8h1m26s
Checks:                 6 / 6, 100%
Transferred:            2 / 53, 4%
Elapsed time:      5m50.3s
Transferring:
 *          flags/flag_only/layer16_sae_d7168.pt:  0% /196.044Mi, 0/s, -
 *          flags/flag_only/layer17_sae_d7168.pt:100% /196.044Mi, 7/s, 0s

2026/09/07 22:20:23 INFO  : Starting transaction limiter: max 3 transactions/s with burst 1
2026/09/07 22:20:36 INFO  : flags/flag_only/layer16_sae_d7168.pt: Copied (new)
2026/09/07 22:20:36 INFO  : flags/flag_only/layer17_sae_d7168.pt: Copied (new)
2026/09/07 22:20:37 INFO  : flags/flag_only/layer18_sae_d7168.pt: Copied (new)
2026/09/07 22:20:45 INFO  : flags/flag_only/layer19_sae_d7168.pt: Copied (new)
2026/09/07 22:20:46 INFO  : flags/flag_only/layer1_sae_d7168.pt: Copied (new)
2026/09/07 22:20:48 INFO  : flags/flag_only/layer20_sae_d7168.pt: Copied (new)
2026/09/07 22:20:54 INFO  : flags/flag_only/layer21_sae_d7168.pt: Copied (new)
2026/09/07 22:20:56 INFO  : flags/flag_only/layer22_sae_d7168.pt: Copied (new)
2026/09/07 22:21:25 INFO  : 
Transferred:   	    1.914 GiB / 9.764 GiB, 20%, 11.628 MiB/s, ETA 11m31s
Checks:                 8 / 8, 100%
Transferred:            8 / 51, 16%
Elapsed time:       1m2.7s
Transferring:
 *          flags/flag_only/layer23_sae_d7168.pt:100% /196.044Mi, 3.160Mi/s, 0s
 *          flags/flag_only/layer24_sae_d7168.pt:100% /196.044Mi, 4.654Mi/s, 0s
 *          flags/flag_only/layer25_sae_d7168.pt:  0% /196.044Mi, 0/s, -

2026/09/07 22:21:53 INFO  : flags/flag_only/layer25_sae_d7168.pt: Copied (new)
2026/09/07 22:22:25 INFO  : 
Transferred:   	    2.106 GiB / 9.764 GiB, 22%, 1.400 MiB/s, ETA 1h33m19s
Checks:                 8 / 8, 100%
Transferred:            9 / 51, 18%
Elapsed time:       2m2.7s
Transferring:
 *          flags/flag_only/layer23_sae_d7168.pt:100% /196.044Mi, 67.329Ki/s, 0s
 *          flags/flag_only/layer24_sae_d7168.pt:100% /196.044Mi, 99.170Ki/s, 0s
 *          flags/flag_only/layer26_sae_d7168.pt:  0% /196.044Mi, 0/s, -

2026/09/07 22:23:25 INFO  : 
Transferred:   	    2.106 GiB / 9.764 GiB, 22%, 29.842 KiB/s, ETA 3d2h44m42s
Checks:                 8 / 8, 100%
Transferred:            9 / 51, 18%
Elapsed time:       3m2.7s
Transferring:
 *          flags/flag_only/layer23_sae_d7168.pt:100% /196.044Mi, 1.400Ki/s, 0s
 *          flags/flag_only/layer24_sae_d7168.pt:100% /196.044Mi, 2.063Ki/s, 0s
 *          flags/flag_only/layer26_sae_d7168.pt:  0% /196.044Mi, 0/s, -

2026/09/07 22:24:25 INFO  : 
Transferred:   	    2.297 GiB / 10.147 GiB, 23%, 5.143 MiB/s, ETA 26m2s
Checks:                 8 / 8, 100%
Transferred:            9 / 51, 18%
Elapsed time:       4m2.7s
Transferring:
 *          flags/flag_only/layer23_sae_d7168.pt:  0% /196.044Mi, 0/s, -
 *          flags/flag_only/layer24_sae_d7168.pt:  0% /196.044Mi, 0/s, -
 *          flags/flag_only/layer26_sae_d7168.pt:100% /196.044Mi, 4.928Mi/s, 0s

2026/09/07 22:25:25 INFO  : 
Transferred:   	    2.297 GiB / 10.147 GiB, 23%, 109.596 KiB/s, ETA 20h51m40s
Checks:                 8 / 8, 100%
Transferred:            9 / 51, 18%
Elapsed time:       5m2.7s
Transferring:
 *          flags/flag_only/layer23_sae_d7168.pt:  0% /196.044Mi, 0/s, -
 *          flags/flag_only/layer24_sae_d7168.pt:  0% /196.044Mi, 0/s, -
 *          flags/flag_only/layer26_sae_d7168.pt:100% /196.044Mi, 105.016Ki/s, 0s

2026/09/07 22:26:25 INFO  : 
Transferred:   	    2.680 GiB / 10.147 GiB, 26%, 3.792 MiB/s, ETA 33m36s
Checks:                 8 / 8, 100%
Transferred:            9 / 51, 18%
Elapsed time:       6m2.7s
Transferring:
 *          flags/flag_only/layer23_sae_d7168.pt:100% /196.044Mi, 1.950Mi/s, 0s
 *          flags/flag_only/layer24_sae_d7168.pt:100% /196.044Mi, 1.708Mi/s, 0s
 *          flags/flag_only/layer26_sae_d7168.pt:100% /196.044Mi, 2.185Ki/s, 0s

2026/09/07 22:27:25 INFO  : 
Transferred:   	    2.680 GiB / 10.147 GiB, 26%, 80.812 KiB/s, ETA 1d2h54m42s
Checks:                 8 / 8, 100%
Transferred:            9 / 51, 18%
Elapsed time:       7m2.7s
Transferring:
 *          flags/flag_only/layer23_sae_d7168.pt:100% /196.044Mi, 41.551Ki/s, 0s
 *          flags/flag_only/layer24_sae_d7168.pt:100% /196.044Mi, 36.397Ki/s, 0s
 *          flags/flag_only/layer26_sae_d7168.pt:100% /196.044Mi, 46/s, 0s

2026/09/07 22:28:25 INFO  : 
Transferred:   	    2.680 GiB / 10.147 GiB, 26%, 1.682 KiB/s, ETA 7w4d21h11m46s
Checks:                 8 / 8, 100%
Transferred:            9 / 51, 18%
Elapsed time:       8m2.7s
Transferring:
 *          flags/flag_only/layer23_sae_d7168.pt:100% /196.044Mi, 885/s, 0s
 *          flags/flag_only/layer24_sae_d7168.pt:100% /196.044Mi, 775/s, 0s
 *          flags/flag_only/layer26_sae_d7168.pt:100% /196.044Mi, 0/s, 0s

2026/09/07 22:29:25 INFO  : 
Transferred:   	    2.680 GiB / 10.147 GiB, 26%, 35 B/s, ETA 7y4w6d6h22m42s
Checks:                 8 / 8, 100%
Transferred:            9 / 51, 18%
Elapsed time:       9m2.7s
Transferring:
 *          flags/flag_only/layer23_sae_d7168.pt:100% /196.044Mi, 18/s, 0s
 *          flags/flag_only/layer24_sae_d7168.pt:100% /196.044Mi, 16/s, 0s
 *          flags/flag_only/layer26_sae_d7168.pt:100% /196.044Mi, 0/s, 0s

+ true
+ timeout 90 rclone copy --transfers 3 --checkers 1 --tpslimit 3 --drive-chunk-size 256M --drive-pacer-min-sleep 250ms -v --stats 30s dictionaries_kaggle_pool gdrive-transfer:VADE-evals-sae-checkpoints/dictionaries_kaggle_pool
2026/09/07 22:30:18 INFO  : Starting transaction limiter: max 3 transactions/s with burst 1
2026/09/07 22:30:49 INFO  : flags/flag_only/layer26_sae_d7168.pt: Copied (new)
2026/09/07 22:30:51 INFO  : flags/flag_only/layer23_sae_d7168.pt: Copied (new)
2026/09/07 22:30:52 INFO  : flags/flag_only/layer24_sae_d7168.pt: Copied (new)
2026/09/07 22:31:08 INFO  : 
Transferred:   	    1.149 GiB / 8.041 GiB, 14%, 35.405 MiB/s, ETA 3m19s
Checks:                17 / 17, 100%
Transferred:            3 / 42, 7%
Elapsed time:        49.8s
Transferring:
 *          flags/flag_only/layer27_sae_d7168.pt:100% /196.044Mi, 10.096Mi/s, 0s
 *          flags/flag_only/layer28_sae_d7168.pt:100% /196.044Mi, 12.253Mi/s, 0s
 *           flags/flag_only/layer2_sae_d7168.pt:100% /196.044Mi, 12.253Mi/s, 0s

2026/09/07 22:31:38 INFO  : 
Transferred:   	    1.149 GiB / 8.041 GiB, 14%, 5.107 MiB/s, ETA 23m1s
Checks:                17 / 17, 100%
Transferred:            3 / 42, 7%
Elapsed time:      1m19.8s
Transferring:
 *          flags/flag_only/layer27_sae_d7168.pt:100% /196.044Mi, 1.456Mi/s, 0s
 *          flags/flag_only/layer28_sae_d7168.pt:100% /196.044Mi, 1.768Mi/s, 0s
 *           flags/flag_only/layer2_sae_d7168.pt:100% /196.044Mi, 1.768Mi/s, 0s

+ code=124
+ '[' 124 -eq 0 ']'
+ echo RESTARTING_after_exit_124
RESTARTING_after_exit_124
+ sleep 3
+ true
+ timeout 90 rclone copy --transfers 3 --checkers 1 --tpslimit 3 --drive-chunk-size 256M --drive-pacer-min-sleep 250ms -v --stats 30s dictionaries_kaggle_pool gdrive-transfer:VADE-evals-sae-checkpoints/dictionaries_kaggle_pool
2026/09/07 22:31:52 INFO  : Starting transaction limiter: max 3 transactions/s with burst 1
2026/09/07 22:32:23 INFO  : 
Transferred:   	          0 B / 0 B, -, 0 B/s, ETA -
Elapsed time:        31.1s

2026/09/07 22:32:53 INFO  : 
Transferred:   	  225.145 MiB / 7.467 GiB, 3%, 29.333 MiB/s, ETA 4m12s
Checks:                20 / 20, 100%
Transferred:            0 / 39, 0%
Elapsed time:       1m1.1s
Transferring:
 *          flags/flag_only/layer27_sae_d7168.pt: 24% /196.044Mi, 5.906Mi/s, 25s
 *          flags/flag_only/layer28_sae_d7168.pt: 48% /196.044Mi, 12.571Mi/s, 8s
 *           flags/flag_only/layer2_sae_d7168.pt: 42% /196.044Mi, 10.857Mi/s, 10s

+ code=124
+ '[' 124 -eq 0 ']'
+ echo RESTARTING_after_exit_124
RESTARTING_after_exit_124
+ sleep 3
+ true
+ timeout 90 rclone copy --transfers 3 --checkers 1 --tpslimit 3 --drive-chunk-size 256M --drive-pacer-min-sleep 250ms -v --stats 30s dictionaries_kaggle_pool gdrive-transfer:VADE-evals-sae-checkpoints/dictionaries_kaggle_pool
2026/09/07 22:33:24 INFO  : Starting transaction limiter: max 3 transactions/s with burst 1
2026/09/07 22:33:37 INFO  : flags/flag_only/layer27_sae_d7168.pt: Copied (new)
2026/09/07 22:33:37 INFO  : flags/flag_only/layer28_sae_d7168.pt: Copied (new)
2026/09/07 22:33:38 INFO  : flags/flag_only/layer2_sae_d7168.pt: Copied (new)
2026/09/07 22:33:46 INFO  : flags/flag_only/layer3_sae_d7168.pt: Copied (new)
2026/09/07 22:33:47 INFO  : flags/flag_only/layer4_sae_d7168.pt: Copied (new)
2026/09/07 22:33:48 INFO  : flags/flag_only/layer5_sae_d7168.pt: Copied (new)
2026/09/07 22:33:55 INFO  : flags/flag_only/layer6_sae_d7168.pt: Copied (new)
2026/09/07 22:33:56 INFO  : 
Transferred:   	    1.723 GiB / 7.467 GiB, 23%, 62.419 MiB/s, ETA 1m34s
Checks:                20 / 20, 100%
Transferred:            7 / 39, 18%
Elapsed time:        31.4s
Transferring:
 *           flags/flag_only/layer7_sae_d7168.pt:100% /196.044Mi, 21.968Mi/s, 0s
 *           flags/flag_only/layer8_sae_d7168.pt:100% /196.044Mi, 24.506Mi/s, 0s
 *           flags/flag_only/layer9_sae_d7168.pt:  0% /196.044Mi, 0/s, -

2026/09/07 22:34:26 INFO  : 
Transferred:   	    1.723 GiB / 7.467 GiB, 23%, 9.332 MiB/s, ETA 10m30s
Checks:                20 / 20, 100%
Transferred:            7 / 39, 18%
Elapsed time:       1m1.4s
Transferring:
 *           flags/flag_only/layer7_sae_d7168.pt:100% /196.044Mi, 2.962Mi/s, 0s
 *           flags/flag_only/layer8_sae_d7168.pt:100% /196.044Mi, 2.962Mi/s, 0s
 *           flags/flag_only/layer9_sae_d7168.pt:  0% /196.044Mi, 0/s, -

2026/09/07 22:34:45 INFO  : flags/flag_only/layer9_sae_d7168.pt: Copied (new)
+ code=124
+ '[' 124 -eq 0 ']'
+ echo RESTARTING_after_exit_124
RESTARTING_after_exit_124
+ sleep 3
+ true
+ timeout 90 rclone copy --transfers 3 --checkers 1 --tpslimit 3 --drive-chunk-size 256M --drive-pacer-min-sleep 250ms -v --stats 30s dictionaries_kaggle_pool gdrive-transfer:VADE-evals-sae-checkpoints/dictionaries_kaggle_pool
2026/09/07 22:34:58 INFO  : Starting transaction limiter: max 3 transactions/s with burst 1
2026/09/07 22:36:18 INFO  : 
Transferred:   	  588.133 MiB / 5.935 GiB, 10%, 16.949 MiB/s, ETA 5m23s
Checks:                28 / 28, 100%
Transferred:            0 / 31, 0%
Elapsed time:      1m20.6s
Transferring:
 *           flags/flag_only/layer7_sae_d7168.pt:100% /196.044Mi, 5.647Mi/s, 0s
 *           flags/flag_only/layer8_sae_d7168.pt:100% /196.044Mi, 5.649Mi/s, 0s
 *          flags/flag_ring1/layer0_sae_d7168.pt:100% /196.044Mi, 5.648Mi/s, 0s

+ code=124
+ '[' 124 -eq 0 ']'
+ echo RESTARTING_after_exit_124
RESTARTING_after_exit_124
+ sleep 3
+ true
+ timeout 90 rclone copy --transfers 3 --checkers 1 --tpslimit 3 --drive-chunk-size 256M --drive-pacer-min-sleep 250ms -v --stats 30s dictionaries_kaggle_pool gdrive-transfer:VADE-evals-sae-checkpoints/dictionaries_kaggle_pool
2026/09/07 22:36:31 INFO  : Starting transaction limiter: max 3 transactions/s with burst 1
2026/09/07 22:36:43 INFO  : flags/flag_only/layer8_sae_d7168.pt: Copied (new)
2026/09/07 22:36:43 INFO  : flags/flag_only/layer7_sae_d7168.pt: Copied (new)
2026/09/07 22:36:45 INFO  : flags/flag_ring1/layer0_sae_d7168.pt: Copied (new)
2026/09/07 22:36:52 INFO  : flags/flag_ring1/layer10_sae_d7168.pt: Copied (new)
2026/09/07 22:36:53 INFO  : flags/flag_ring1/layer11_sae_d7168.pt: Copied (new)
2026/09/07 22:36:54 INFO  : flags/flag_ring1/layer12_sae_d7168.pt: Copied (new)
2026/09/07 22:37:02 INFO  : 
Transferred:   	    1.532 GiB / 5.935 GiB, 26%, 53.057 MiB/s, ETA 1m24s
Checks:                28 / 28, 100%
Transferred:            6 / 31, 19%
Elapsed time:        31.3s
Transferring:
 *         flags/flag_ring1/layer13_sae_d7168.pt:100% /196.044Mi, 19.604Mi/s, 0s
 *         flags/flag_ring1/layer14_sae_d7168.pt:100% /196.044Mi, 21.783Mi/s, 0s
 *         flags/flag_ring1/layer15_sae_d7168.pt:  0% /196.044Mi, 0/s, -

2026/09/07 22:37:32 INFO  : 
Transferred:   	    1.532 GiB / 5.935 GiB, 26%, 7.654 MiB/s, ETA 9m49s
Checks:                28 / 28, 100%
Transferred:            6 / 31, 19%
Elapsed time:       1m1.3s
Transferring:
 *         flags/flag_ring1/layer13_sae_d7168.pt:100% /196.044Mi, 2.603Mi/s, 0s
 *         flags/flag_ring1/layer14_sae_d7168.pt:100% /196.044Mi, 2.777Mi/s, 0s
 *         flags/flag_ring1/layer15_sae_d7168.pt:  0% /196.044Mi, 0/s, -

+ code=124
+ '[' 124 -eq 0 ']'
+ echo RESTARTING_after_exit_124
RESTARTING_after_exit_124
+ sleep 3
+ true
+ timeout 90 rclone copy --transfers 3 --checkers 1 --tpslimit 3 --drive-chunk-size 256M --drive-pacer-min-sleep 250ms -v --stats 30s dictionaries_kaggle_pool gdrive-transfer:VADE-evals-sae-checkpoints/dictionaries_kaggle_pool
2026/09/07 22:38:04 INFO  : Starting transaction limiter: max 3 transactions/s with burst 1
+ code=124
+ '[' 124 -eq 0 ']'
+ echo RESTARTING_after_exit_124
RESTARTING_after_exit_124
+ sleep 3
+ true
+ timeout 90 rclone copy --transfers 3 --checkers 1 --tpslimit 3 --drive-chunk-size 256M --drive-pacer-min-sleep 250ms -v --stats 30s dictionaries_kaggle_pool gdrive-transfer:VADE-evals-sae-checkpoints/dictionaries_kaggle_pool
2026/09/07 22:39:37 INFO  : Starting transaction limiter: max 3 transactions/s with burst 1
2026/09/07 22:39:48 INFO  : flags/flag_ring1/layer14_sae_d7168.pt: Copied (new)
2026/09/07 22:39:49 INFO  : flags/flag_ring1/layer15_sae_d7168.pt: Copied (new)
2026/09/07 22:39:50 INFO  : flags/flag_ring1/layer13_sae_d7168.pt: Copied (new)
2026/09/07 22:40:08 INFO  : 
Transferred:   	    1.149 GiB / 4.786 GiB, 24%, 34.740 MiB/s, ETA 1m47s
Checks:                34 / 34, 100%
Transferred:            3 / 25, 12%
Elapsed time:        31.1s
Transferring:
 *         flags/flag_ring1/layer16_sae_d7168.pt:100% /196.044Mi, 9.465Mi/s, 0s
 *         flags/flag_ring1/layer17_sae_d7168.pt:100% /196.044Mi, 10.769Mi/s, 0s
 *         flags/flag_ring1/layer18_sae_d7168.pt:100% /196.044Mi, 11.487Mi/s, 0s

2026/09/07 22:40:38 INFO  : 
Transferred:   	    1.149 GiB / 4.786 GiB, 24%, 5.011 MiB/s, ETA 12m23s
Checks:                34 / 34, 100%
Transferred:            3 / 25, 12%
Elapsed time:       1m1.1s
Transferring:
 *         flags/flag_ring1/layer16_sae_d7168.pt:100% /196.044Mi, 1.365Mi/s, 0s
 *         flags/flag_ring1/layer17_sae_d7168.pt:100% /196.044Mi, 1.554Mi/s, 0s
 *         flags/flag_ring1/layer18_sae_d7168.pt:100% /196.044Mi, 1.657Mi/s, 0s

+ code=124
+ '[' 124 -eq 0 ']'
+ echo RESTARTING_after_exit_124
RESTARTING_after_exit_124
+ sleep 3
+ true
+ timeout 90 rclone copy --transfers 3 --checkers 1 --tpslimit 3 --drive-chunk-size 256M --drive-pacer-min-sleep 250ms -v --stats 30s dictionaries_kaggle_pool gdrive-transfer:VADE-evals-sae-checkpoints/dictionaries_kaggle_pool
2026/09/07 22:41:10 INFO  : Starting transaction limiter: max 3 transactions/s with burst 1
2026/09/07 22:41:55 INFO  : flags/flag_ring1/layer16_sae_d7168.pt: Copied (new)
2026/09/07 22:42:14 INFO  : 
Transferred:   	  588.133 MiB / 4.212 GiB, 14%, 16.944 MiB/s, ETA 3m39s
Checks:                37 / 37, 100%
Transferred:            1 / 22, 5%
Elapsed time:       1m4.1s
Transferring:
 *         flags/flag_ring1/layer17_sae_d7168.pt:100% /196.044Mi, 5.648Mi/s, 0s
 *         flags/flag_ring1/layer18_sae_d7168.pt:100% /196.044Mi, 5.648Mi/s, 0s
 *         flags/flag_ring1/layer19_sae_d7168.pt:  0% /196.044Mi, 0/s, -

+ code=124
+ '[' 124 -eq 0 ']'
+ echo RESTARTING_after_exit_124
RESTARTING_after_exit_124
+ sleep 3
+ true
+ timeout 90 rclone copy --transfers 3 --checkers 1 --tpslimit 3 --drive-chunk-size 256M --drive-pacer-min-sleep 250ms -v --stats 30s dictionaries_kaggle_pool gdrive-transfer:VADE-evals-sae-checkpoints/dictionaries_kaggle_pool
2026/09/07 22:42:43 INFO  : Starting transaction limiter: max 3 transactions/s with burst 1
2026/09/07 22:42:55 INFO  : flags/flag_ring1/layer18_sae_d7168.pt: Copied (new)
2026/09/07 22:43:14 INFO  : 
Transferred:   	  588.133 MiB / 4.020 GiB, 14%, 16.944 MiB/s, ETA 3m28s
Checks:                38 / 38, 100%
Transferred:            1 / 21, 5%
Elapsed time:        31.1s
Transferring:
 *         flags/flag_ring1/layer17_sae_d7168.pt:100% /196.044Mi, 5.648Mi/s, 0s
 *         flags/flag_ring1/layer19_sae_d7168.pt:100% /196.044Mi, 5.648Mi/s, 0s
 *          flags/flag_ring1/layer1_sae_d7168.pt:  0% /196.044Mi, 0/s, -

2026/09/07 22:43:44 INFO  : 
Transferred:   	  588.133 MiB / 4.020 GiB, 14%, 2.444 MiB/s, ETA 24m3s
Checks:                38 / 38, 100%
Transferred:            1 / 21, 5%
Elapsed time:       1m1.1s
Transferring:
 *         flags/flag_ring1/layer17_sae_d7168.pt:100% /196.044Mi, 834.311Ki/s, 0s
 *         flags/flag_ring1/layer19_sae_d7168.pt:100% /196.044Mi, 834.309Ki/s, 0s
 *          flags/flag_ring1/layer1_sae_d7168.pt:  0% /196.044Mi, 0/s, -

+ code=124
+ '[' 124 -eq 0 ']'
+ echo RESTARTING_after_exit_124
RESTARTING_after_exit_124
+ sleep 3
+ true
+ timeout 90 rclone copy --transfers 3 --checkers 1 --tpslimit 3 --drive-chunk-size 256M --drive-pacer-min-sleep 250ms -v --stats 30s dictionaries_kaggle_pool gdrive-transfer:VADE-evals-sae-checkpoints/dictionaries_kaggle_pool
2026/09/07 22:44:17 INFO  : Starting transaction limiter: max 3 transactions/s with burst 1
2026/09/07 22:44:34 INFO  : flags/flag_ring1/layer17_sae_d7168.pt: Copied (new)
2026/09/07 22:44:34 INFO  : flags/flag_ring1/layer19_sae_d7168.pt: Copied (new)
2026/09/07 22:44:36 INFO  : flags/flag_ring1/layer1_sae_d7168.pt: Copied (new)
2026/09/07 22:44:43 INFO  : flags/flag_ring1/layer20_sae_d7168.pt: Copied (new)
2026/09/07 22:44:45 INFO  : flags/flag_ring1/layer22_sae_d7168.pt: Copied (new)
2026/09/07 22:44:45 INFO  : flags/flag_ring1/layer21_sae_d7168.pt: Copied (new)
2026/09/07 22:44:52 INFO  : 
Transferred:   	    1.640 GiB / 3.829 GiB, 43%, 64.001 MiB/s, ETA 35s
Checks:                39 / 39, 100%
Transferred:            6 / 20, 30%
Elapsed time:        35.0s
Transferring:
 *         flags/flag_ring1/layer23_sae_d7168.pt: 99% /196.044Mi, 20.976Mi/s, 0s
 *         flags/flag_ring1/layer24_sae_d7168.pt: 79% /196.044Mi, 22.749Mi/s, 1s
 *         flags/flag_ring1/layer25_sae_d7168.pt: 77% /196.044Mi, 24.307Mi/s, 1s

2026/09/07 22:44:55 INFO  : flags/flag_ring1/layer24_sae_d7168.pt: Copied (new)
2026/09/07 22:45:22 INFO  : 
Transferred:   	    1.723 GiB / 3.829 GiB, 45%, 10.421 MiB/s, ETA 3m26s
Checks:                39 / 39, 100%
Transferred:            7 / 20, 35%
Elapsed time:       1m5.0s
Transferring:
 *         flags/flag_ring1/layer23_sae_d7168.pt:100% /196.044Mi, 2.962Mi/s, 0s
 *         flags/flag_ring1/layer25_sae_d7168.pt:100% /196.044Mi, 3.370Mi/s, 0s
 *         flags/flag_ring1/layer26_sae_d7168.pt:  0% /196.044Mi, 0/s, -

+ code=124
+ '[' 124 -eq 0 ']'
+ echo RESTARTING_after_exit_124
RESTARTING_after_exit_124
+ sleep 3
+ true
+ timeout 90 rclone copy --transfers 3 --checkers 1 --tpslimit 3 --drive-chunk-size 256M --drive-pacer-min-sleep 250ms -v --stats 30s dictionaries_kaggle_pool gdrive-transfer:VADE-evals-sae-checkpoints/dictionaries_kaggle_pool
2026/09/07 22:45:50 INFO  : Starting transaction limiter: max 3 transactions/s with burst 1
2026/09/07 22:46:21 INFO  : 
Transferred:   	  588.133 MiB / 2.489 GiB, 23%, 16.944 MiB/s, ETA 1m55s
Checks:                46 / 46, 100%
Transferred:            0 / 13, 0%
Elapsed time:        31.0s
Transferring:
 *         flags/flag_ring1/layer23_sae_d7168.pt:100% /196.044Mi, 5.648Mi/s, 0s
 *         flags/flag_ring1/layer25_sae_d7168.pt:100% /196.044Mi, 5.648Mi/s, 0s
 *         flags/flag_ring1/layer26_sae_d7168.pt:100% /196.044Mi, 5.648Mi/s, 0s

2026/09/07 22:46:51 INFO  : 
Transferred:   	  588.133 MiB / 2.489 GiB, 23%, 2.444 MiB/s, ETA 13m22s
Checks:                46 / 46, 100%
Transferred:            0 / 13, 0%
Elapsed time:       1m1.0s
Transferring:
 *         flags/flag_ring1/layer23_sae_d7168.pt:100% /196.044Mi, 834.310Ki/s, 0s
 *         flags/flag_ring1/layer25_sae_d7168.pt:100% /196.044Mi, 834.310Ki/s, 0s
 *         flags/flag_ring1/layer26_sae_d7168.pt:100% /196.044Mi, 834.310Ki/s, 0s

+ code=124
+ '[' 124 -eq 0 ']'
+ echo RESTARTING_after_exit_124
RESTARTING_after_exit_124
+ sleep 3
+ true
+ timeout 90 rclone copy --transfers 3 --checkers 1 --tpslimit 3 --drive-chunk-size 256M --drive-pacer-min-sleep 250ms -v --stats 30s dictionaries_kaggle_pool gdrive-transfer:VADE-evals-sae-checkpoints/dictionaries_kaggle_pool
2026/09/07 22:47:23 INFO  : Starting transaction limiter: max 3 transactions/s with burst 1
2026/09/07 22:47:34 INFO  : flags/flag_ring1/layer23_sae_d7168.pt: Copied (new)
2026/09/07 22:47:36 INFO  : flags/flag_ring1/layer26_sae_d7168.pt: Copied (new)
2026/09/07 22:47:37 INFO  : flags/flag_ring1/layer25_sae_d7168.pt: Copied (new)
2026/09/07 22:47:42 INFO  : flags/flag_ring1/layer27_sae_d7168.pt: Copied (new)
2026/09/07 22:47:46 INFO  : flags/flag_ring1/layer28_sae_d7168.pt: Copied (new)
2026/09/07 22:47:47 INFO  : flags/flag_ring1/layer2_sae_d7168.pt: Copied (new)
2026/09/07 22:47:50 INFO  : flags/flag_ring1/layer3_sae_d7168.pt: Copied (new)
2026/09/07 22:47:54 INFO  : 
Transferred:   	    1.788 GiB / 2.489 GiB, 72%, 66.285 MiB/s, ETA 10s
Checks:                46 / 46, 100%
Transferred:            7 / 13, 54%
Elapsed time:        31.0s
Transferring:
 *          flags/flag_ring1/layer4_sae_d7168.pt:100% /196.044Mi, 24.647Mi/s, 0s
 *          flags/flag_ring1/layer5_sae_d7168.pt: 83% /196.044Mi, 24.874Mi/s, 1s
 *          flags/flag_ring1/layer6_sae_d7168.pt: 50% /196.044Mi, 23.322Mi/s, 4s

2026/09/07 22:48:24 INFO  : 
Transferred:   	    1.914 GiB / 2.489 GiB, 77%, 11.060 MiB/s, ETA 53s
Checks:                46 / 46, 100%
Transferred:            7 / 13, 54%
Elapsed time:       1m1.0s
Transferring:
 *          flags/flag_ring1/layer4_sae_d7168.pt:100% /196.044Mi, 3.160Mi/s, 0s
 *          flags/flag_ring1/layer5_sae_d7168.pt:100% /196.044Mi, 3.370Mi/s, 0s
 *          flags/flag_ring1/layer6_sae_d7168.pt:100% /196.044Mi, 4.090Mi/s, 0s

+ code=124
+ '[' 124 -eq 0 ']'
+ echo RESTARTING_after_exit_124
RESTARTING_after_exit_124
+ sleep 3
+ true
+ timeout 90 rclone copy --transfers 3 --checkers 1 --tpslimit 3 --drive-chunk-size 256M --drive-pacer-min-sleep 250ms -v --stats 30s dictionaries_kaggle_pool gdrive-transfer:VADE-evals-sae-checkpoints/dictionaries_kaggle_pool
2026/09/07 22:48:56 INFO  : Starting transaction limiter: max 3 transactions/s with burst 1
2026/09/07 22:50:17 INFO  : 
Transferred:   	  588.133 MiB / 1.149 GiB, 50%, 16.944 MiB/s, ETA 34s
Checks:                53 / 53, 100%
Transferred:            0 / 6, 0%
Elapsed time:      1m21.3s
Transferring:
 *          flags/flag_ring1/layer4_sae_d7168.pt:100% /196.044Mi, 5.648Mi/s, 0s
 *          flags/flag_ring1/layer5_sae_d7168.pt:100% /196.044Mi, 5.648Mi/s, 0s
 *          flags/flag_ring1/layer6_sae_d7168.pt:100% /196.044Mi, 5.648Mi/s, 0s

+ code=124
+ '[' 124 -eq 0 ']'
+ echo RESTARTING_after_exit_124
RESTARTING_after_exit_124
+ sleep 3
+ true
+ timeout 90 rclone copy --transfers 3 --checkers 1 --tpslimit 3 --drive-chunk-size 256M --drive-pacer-min-sleep 250ms -v --stats 30s dictionaries_kaggle_pool gdrive-transfer:VADE-evals-sae-checkpoints/dictionaries_kaggle_pool
2026/09/07 22:50:29 INFO  : Starting transaction limiter: max 3 transactions/s with burst 1
2026/09/07 22:50:41 INFO  : flags/flag_ring1/layer5_sae_d7168.pt: Copied (new)
2026/09/07 22:50:42 INFO  : flags/flag_ring1/layer4_sae_d7168.pt: Copied (new)
2026/09/07 22:50:43 INFO  : flags/flag_ring1/layer6_sae_d7168.pt: Copied (new)
2026/09/07 22:50:49 INFO  : flags/flag_ring1/layer7_sae_d7168.pt: Copied (new)
2026/09/07 22:50:51 INFO  : flags/flag_ring1/layer9_sae_d7168.pt: Copied (new)
2026/09/07 22:50:52 INFO  : flags/flag_ring1/layer8_sae_d7168.pt: Copied (new)
2026/09/07 22:50:52 INFO  : 
Transferred:   	    1.149 GiB / 1.149 GiB, 100%, 61.083 MiB/s, ETA 0s
Checks:                53 / 53, 100%
Transferred:            6 / 6, 100%
Elapsed time:        22.5s

+ code=0
+ '[' 0 -eq 0 ']'
+ echo ALL_DONE_CLEAN_EXIT
ALL_DONE_CLEAN_EXIT
+ break
