++ seq -s, 0 28
+ LAYERS=0,1,2,3,4,5,6,7,8,9,10,11,12,13,14,15,16,17,18,19,20,21,22,23,24,25,26,27,28
+ for ts in flag_only flag_ring1
+ ../.venv/bin/python -u fit_dictionaries.py --entity flags --method sae --token_sets flag_only --sae_layers 0,1,2,3,4,5,6,7,8,9,10,11,12,13,14,15,16,17,18,19,20,21,22,23,24,25,26,27,28 --device cuda
<frozen site>:101: RuntimeWarning: Unexpected value in sys.prefix, expected /home/ahl4090/DAS-Explorations/VADE-evals/.venv, got /home/ahl4090/DAS-Explorations/VADE-evals/methods/../.venv
<frozen site>:101: RuntimeWarning: Unexpected value in sys.exec_prefix, expected /home/ahl4090/DAS-Explorations/VADE-evals/.venv, got /home/ahl4090/DAS-Explorations/VADE-evals/methods/../.venv
entity=flags token_sets=['flag_only'] num_layers=28 hidden_dim=3584 sae_device=cuda (no augmented pool)
  sae token_set=flag_only layer= 0 dict_size=  7168 train_mse=0.1932 val_mse=0.26032423973083496 val_l0=60.3 (10.02s) -> /home/ahl4090/DAS-Explorations/VADE-evals/methods/dictionaries/flags/flag_only/layer0_sae_d7168.pt
  sae token_set=flag_only layer= 1 dict_size=  7168 train_mse=0.2788 val_mse=0.3362041413784027 val_l0=45.7 (8.46s) -> /home/ahl4090/DAS-Explorations/VADE-evals/methods/dictionaries/flags/flag_only/layer1_sae_d7168.pt
  sae token_set=flag_only layer= 2 dict_size=  7168 train_mse=0.2128 val_mse=0.291984498500824 val_l0=72.7 (8.56s) -> /home/ahl4090/DAS-Explorations/VADE-evals/methods/dictionaries/flags/flag_only/layer2_sae_d7168.pt
  sae token_set=flag_only layer= 3 dict_size=  7168 train_mse=0.2024 val_mse=0.29460009932518005 val_l0=86.7 (8.48s) -> /home/ahl4090/DAS-Explorations/VADE-evals/methods/dictionaries/flags/flag_only/layer3_sae_d7168.pt
  skip (exists) /home/ahl4090/DAS-Explorations/VADE-evals/methods/dictionaries/flags/flag_only/layer4_sae_d7168.pt
  sae token_set=flag_only layer= 5 dict_size=  7168 train_mse=0.1428 val_mse=0.3252379596233368 val_l0=136.9 (8.38s) -> /home/ahl4090/DAS-Explorations/VADE-evals/methods/dictionaries/flags/flag_only/layer5_sae_d7168.pt
  sae token_set=flag_only layer= 6 dict_size=  7168 train_mse=0.1122 val_mse=0.29776331782341003 val_l0=178.9 (8.49s) -> /home/ahl4090/DAS-Explorations/VADE-evals/methods/dictionaries/flags/flag_only/layer6_sae_d7168.pt
  sae token_set=flag_only layer= 7 dict_size=  7168 train_mse=0.1377 val_mse=0.33298709988594055 val_l0=181.5 (7.02s) -> /home/ahl4090/DAS-Explorations/VADE-evals/methods/dictionaries/flags/flag_only/layer7_sae_d7168.pt
  sae token_set=flag_only layer= 8 dict_size=  7168 train_mse=0.1704 val_mse=0.37994757294654846 val_l0=184.4 (8.37s) -> /home/ahl4090/DAS-Explorations/VADE-evals/methods/dictionaries/flags/flag_only/layer8_sae_d7168.pt
  sae token_set=flag_only layer= 9 dict_size=  7168 train_mse=0.1990 val_mse=0.43620917201042175 val_l0=175.4 (8.19s) -> /home/ahl4090/DAS-Explorations/VADE-evals/methods/dictionaries/flags/flag_only/layer9_sae_d7168.pt
  sae token_set=flag_only layer=10 dict_size=  7168 train_mse=0.2005 val_mse=0.42264774441719055 val_l0=159.9 (8.15s) -> /home/ahl4090/DAS-Explorations/VADE-evals/methods/dictionaries/flags/flag_only/layer10_sae_d7168.pt
  sae token_set=flag_only layer=11 dict_size=  7168 train_mse=0.2414 val_mse=0.4519181251525879 val_l0=162.5 (8.47s) -> /home/ahl4090/DAS-Explorations/VADE-evals/methods/dictionaries/flags/flag_only/layer11_sae_d7168.pt
  sae token_set=flag_only layer=12 dict_size=  7168 train_mse=0.2667 val_mse=0.4917146861553192 val_l0=151.9 (8.3s) -> /home/ahl4090/DAS-Explorations/VADE-evals/methods/dictionaries/flags/flag_only/layer12_sae_d7168.pt
  sae token_set=flag_only layer=13 dict_size=  7168 train_mse=0.2935 val_mse=0.5307003259658813 val_l0=155.6 (8.31s) -> /home/ahl4090/DAS-Explorations/VADE-evals/methods/dictionaries/flags/flag_only/layer13_sae_d7168.pt
  skip (exists) /home/ahl4090/DAS-Explorations/VADE-evals/methods/dictionaries/flags/flag_only/layer14_sae_d7168.pt
  sae token_set=flag_only layer=15 dict_size=  7168 train_mse=0.3588 val_mse=0.6114788055419922 val_l0=153.6 (8.0s) -> /home/ahl4090/DAS-Explorations/VADE-evals/methods/dictionaries/flags/flag_only/layer15_sae_d7168.pt
  sae token_set=flag_only layer=16 dict_size=  7168 train_mse=0.3869 val_mse=0.6534132957458496 val_l0=184.9 (7.98s) -> /home/ahl4090/DAS-Explorations/VADE-evals/methods/dictionaries/flags/flag_only/layer16_sae_d7168.pt
  sae token_set=flag_only layer=17 dict_size=  7168 train_mse=0.3846 val_mse=0.675798237323761 val_l0=194.0 (8.35s) -> /home/ahl4090/DAS-Explorations/VADE-evals/methods/dictionaries/flags/flag_only/layer17_sae_d7168.pt
  sae token_set=flag_only layer=18 dict_size=  7168 train_mse=0.4309 val_mse=0.7384904623031616 val_l0=195.4 (7.63s) -> /home/ahl4090/DAS-Explorations/VADE-evals/methods/dictionaries/flags/flag_only/layer18_sae_d7168.pt
  sae token_set=flag_only layer=19 dict_size=  7168 train_mse=0.4948 val_mse=0.7968940734863281 val_l0=217.5 (8.37s) -> /home/ahl4090/DAS-Explorations/VADE-evals/methods/dictionaries/flags/flag_only/layer19_sae_d7168.pt
  sae token_set=flag_only layer=20 dict_size=  7168 train_mse=0.4444 val_mse=0.7915872931480408 val_l0=243.5 (8.24s) -> /home/ahl4090/DAS-Explorations/VADE-evals/methods/dictionaries/flags/flag_only/layer20_sae_d7168.pt
  sae token_set=flag_only layer=21 dict_size=  7168 train_mse=0.4814 val_mse=0.8839889168739319 val_l0=268.5 (7.4s) -> /home/ahl4090/DAS-Explorations/VADE-evals/methods/dictionaries/flags/flag_only/layer21_sae_d7168.pt
  sae token_set=flag_only layer=22 dict_size=  7168 train_mse=0.5547 val_mse=1.0353624820709229 val_l0=280.6 (8.17s) -> /home/ahl4090/DAS-Explorations/VADE-evals/methods/dictionaries/flags/flag_only/layer22_sae_d7168.pt
  sae token_set=flag_only layer=23 dict_size=  7168 train_mse=0.6862 val_mse=1.3481898307800293 val_l0=278.9 (8.4s) -> /home/ahl4090/DAS-Explorations/VADE-evals/methods/dictionaries/flags/flag_only/layer23_sae_d7168.pt
  skip (exists) /home/ahl4090/DAS-Explorations/VADE-evals/methods/dictionaries/flags/flag_only/layer24_sae_d7168.pt
  sae token_set=flag_only layer=25 dict_size=  7168 train_mse=1.1622 val_mse=2.5328662395477295 val_l0=378.3 (8.34s) -> /home/ahl4090/DAS-Explorations/VADE-evals/methods/dictionaries/flags/flag_only/layer25_sae_d7168.pt
  sae token_set=flag_only layer=26 dict_size=  7168 train_mse=1.5736 val_mse=3.5371248722076416 val_l0=387.3 (8.08s) -> /home/ahl4090/DAS-Explorations/VADE-evals/methods/dictionaries/flags/flag_only/layer26_sae_d7168.pt
  sae token_set=flag_only layer=27 dict_size=  7168 train_mse=2.6938 val_mse=5.239686965942383 val_l0=337.3 (8.28s) -> /home/ahl4090/DAS-Explorations/VADE-evals/methods/dictionaries/flags/flag_only/layer27_sae_d7168.pt
  sae token_set=flag_only layer=28 dict_size=  7168 train_mse=1.3816 val_mse=2.79771089553833 val_l0=137.7 (8.21s) -> /home/ahl4090/DAS-Explorations/VADE-evals/methods/dictionaries/flags/flag_only/layer28_sae_d7168.pt
appended 26 rows to /home/ahl4090/DAS-Explorations/VADE-evals/methods/dictionaries/flags/fit_log.jsonl
+ for ts in flag_only flag_ring1
+ ../.venv/bin/python -u fit_dictionaries.py --entity flags --method sae --token_sets flag_ring1 --sae_layers 0,1,2,3,4,5,6,7,8,9,10,11,12,13,14,15,16,17,18,19,20,21,22,23,24,25,26,27,28 --device cuda
<frozen site>:101: RuntimeWarning: Unexpected value in sys.prefix, expected /home/ahl4090/DAS-Explorations/VADE-evals/.venv, got /home/ahl4090/DAS-Explorations/VADE-evals/methods/../.venv
<frozen site>:101: RuntimeWarning: Unexpected value in sys.exec_prefix, expected /home/ahl4090/DAS-Explorations/VADE-evals/.venv, got /home/ahl4090/DAS-Explorations/VADE-evals/methods/../.venv
entity=flags token_sets=['flag_ring1'] num_layers=28 hidden_dim=3584 sae_device=cuda (no augmented pool)
  sae token_set=flag_ring1 layer= 0 dict_size=  7168 train_mse=0.0880 val_mse=0.10956169664859772 val_l0=104.7 (16.43s) -> /home/ahl4090/DAS-Explorations/VADE-evals/methods/dictionaries/flags/flag_ring1/layer0_sae_d7168.pt
  sae token_set=flag_ring1 layer= 1 dict_size=  7168 train_mse=0.1488 val_mse=0.16513429582118988 val_l0=72.8 (8.54s) -> /home/ahl4090/DAS-Explorations/VADE-evals/methods/dictionaries/flags/flag_ring1/layer1_sae_d7168.pt
  sae token_set=flag_ring1 layer= 2 dict_size=  7168 train_mse=0.1328 val_mse=0.15630829334259033 val_l0=95.3 (5.44s) -> /home/ahl4090/DAS-Explorations/VADE-evals/methods/dictionaries/flags/flag_ring1/layer2_sae_d7168.pt
  sae token_set=flag_ring1 layer= 3 dict_size=  7168 train_mse=0.1190 val_mse=0.15284641087055206 val_l0=130.4 (5.51s) -> /home/ahl4090/DAS-Explorations/VADE-evals/methods/dictionaries/flags/flag_ring1/layer3_sae_d7168.pt
  skip (exists) /home/ahl4090/DAS-Explorations/VADE-evals/methods/dictionaries/flags/flag_ring1/layer4_sae_d7168.pt
  sae token_set=flag_ring1 layer= 5 dict_size=  7168 train_mse=0.1033 val_mse=0.15419074892997742 val_l0=190.8 (5.47s) -> /home/ahl4090/DAS-Explorations/VADE-evals/methods/dictionaries/flags/flag_ring1/layer5_sae_d7168.pt
  sae token_set=flag_ring1 layer= 6 dict_size=  7168 train_mse=0.0977 val_mse=0.15297400951385498 val_l0=242.8 (5.53s) -> /home/ahl4090/DAS-Explorations/VADE-evals/methods/dictionaries/flags/flag_ring1/layer6_sae_d7168.pt
  sae token_set=flag_ring1 layer= 7 dict_size=  7168 train_mse=0.1182 val_mse=0.17612303793430328 val_l0=255.5 (5.4s) -> /home/ahl4090/DAS-Explorations/VADE-evals/methods/dictionaries/flags/flag_ring1/layer7_sae_d7168.pt
  sae token_set=flag_ring1 layer= 8 dict_size=  7168 train_mse=0.1314 val_mse=0.20509648323059082 val_l0=279.7 (5.39s) -> /home/ahl4090/DAS-Explorations/VADE-evals/methods/dictionaries/flags/flag_ring1/layer8_sae_d7168.pt
  sae token_set=flag_ring1 layer= 9 dict_size=  7168 train_mse=0.1570 val_mse=0.23187419772148132 val_l0=270.1 (5.6s) -> /home/ahl4090/DAS-Explorations/VADE-evals/methods/dictionaries/flags/flag_ring1/layer9_sae_d7168.pt
  sae token_set=flag_ring1 layer=10 dict_size=  7168 train_mse=0.1601 val_mse=0.23233182728290558 val_l0=266.3 (5.48s) -> /home/ahl4090/DAS-Explorations/VADE-evals/methods/dictionaries/flags/flag_ring1/layer10_sae_d7168.pt
  sae token_set=flag_ring1 layer=11 dict_size=  7168 train_mse=0.1959 val_mse=0.26564615964889526 val_l0=251.1 (5.59s) -> /home/ahl4090/DAS-Explorations/VADE-evals/methods/dictionaries/flags/flag_ring1/layer11_sae_d7168.pt
  sae token_set=flag_ring1 layer=12 dict_size=  7168 train_mse=0.2064 val_mse=0.2862798571586609 val_l0=260.3 (5.39s) -> /home/ahl4090/DAS-Explorations/VADE-evals/methods/dictionaries/flags/flag_ring1/layer12_sae_d7168.pt
  sae token_set=flag_ring1 layer=13 dict_size=  7168 train_mse=0.2378 val_mse=0.3221145272254944 val_l0=259.8 (5.41s) -> /home/ahl4090/DAS-Explorations/VADE-evals/methods/dictionaries/flags/flag_ring1/layer13_sae_d7168.pt
  skip (exists) /home/ahl4090/DAS-Explorations/VADE-evals/methods/dictionaries/flags/flag_ring1/layer14_sae_d7168.pt
  sae token_set=flag_ring1 layer=15 dict_size=  7168 train_mse=0.2905 val_mse=0.38954877853393555 val_l0=275.4 (5.37s) -> /home/ahl4090/DAS-Explorations/VADE-evals/methods/dictionaries/flags/flag_ring1/layer15_sae_d7168.pt
  sae token_set=flag_ring1 layer=16 dict_size=  7168 train_mse=0.3387 val_mse=0.44430580735206604 val_l0=313.8 (5.45s) -> /home/ahl4090/DAS-Explorations/VADE-evals/methods/dictionaries/flags/flag_ring1/layer16_sae_d7168.pt
  sae token_set=flag_ring1 layer=17 dict_size=  7168 train_mse=0.3507 val_mse=0.47363513708114624 val_l0=332.9 (5.58s) -> /home/ahl4090/DAS-Explorations/VADE-evals/methods/dictionaries/flags/flag_ring1/layer17_sae_d7168.pt
  sae token_set=flag_ring1 layer=18 dict_size=  7168 train_mse=0.3942 val_mse=0.5280153155326843 val_l0=339.2 (5.36s) -> /home/ahl4090/DAS-Explorations/VADE-evals/methods/dictionaries/flags/flag_ring1/layer18_sae_d7168.pt
  sae token_set=flag_ring1 layer=19 dict_size=  7168 train_mse=0.4325 val_mse=0.5695512294769287 val_l0=378.5 (5.4s) -> /home/ahl4090/DAS-Explorations/VADE-evals/methods/dictionaries/flags/flag_ring1/layer19_sae_d7168.pt
  sae token_set=flag_ring1 layer=20 dict_size=  7168 train_mse=0.4889 val_mse=0.6618138551712036 val_l0=380.4 (5.43s) -> /home/ahl4090/DAS-Explorations/VADE-evals/methods/dictionaries/flags/flag_ring1/layer20_sae_d7168.pt
  sae token_set=flag_ring1 layer=21 dict_size=  7168 train_mse=0.5368 val_mse=0.7377423644065857 val_l0=415.3 (5.47s) -> /home/ahl4090/DAS-Explorations/VADE-evals/methods/dictionaries/flags/flag_ring1/layer21_sae_d7168.pt
  sae token_set=flag_ring1 layer=22 dict_size=  7168 train_mse=0.6312 val_mse=0.909184992313385 val_l0=444.0 (5.45s) -> /home/ahl4090/DAS-Explorations/VADE-evals/methods/dictionaries/flags/flag_ring1/layer22_sae_d7168.pt
  sae token_set=flag_ring1 layer=23 dict_size=  7168 train_mse=0.8198 val_mse=1.255711317062378 val_l0=415.0 (5.42s) -> /home/ahl4090/DAS-Explorations/VADE-evals/methods/dictionaries/flags/flag_ring1/layer23_sae_d7168.pt
  skip (exists) /home/ahl4090/DAS-Explorations/VADE-evals/methods/dictionaries/flags/flag_ring1/layer24_sae_d7168.pt
  sae token_set=flag_ring1 layer=25 dict_size=  7168 train_mse=1.6015 val_mse=2.5816779136657715 val_l0=491.3 (5.4s) -> /home/ahl4090/DAS-Explorations/VADE-evals/methods/dictionaries/flags/flag_ring1/layer25_sae_d7168.pt
  sae token_set=flag_ring1 layer=26 dict_size=  7168 train_mse=2.2588 val_mse=3.8666069507598877 val_l0=510.0 (5.53s) -> /home/ahl4090/DAS-Explorations/VADE-evals/methods/dictionaries/flags/flag_ring1/layer26_sae_d7168.pt
  sae token_set=flag_ring1 layer=27 dict_size=  7168 train_mse=4.2447 val_mse=6.202469825744629 val_l0=414.6 (5.41s) -> /home/ahl4090/DAS-Explorations/VADE-evals/methods/dictionaries/flags/flag_ring1/layer27_sae_d7168.pt
  sae token_set=flag_ring1 layer=28 dict_size=  7168 train_mse=1.2755 val_mse=2.262364149093628 val_l0=274.3 (5.43s) -> /home/ahl4090/DAS-Explorations/VADE-evals/methods/dictionaries/flags/flag_ring1/layer28_sae_d7168.pt
appended 26 rows to /home/ahl4090/DAS-Explorations/VADE-evals/methods/dictionaries/flags/fit_log.jsonl
+ for ts in flag_only flag_ring1
+ ../.venv/bin/python -u fit_dictionaries.py --entity flags --method sae --token_sets flag_only --sae_layers 0,1,2,3,4,5,6,7,8,9,10,11,12,13,14,15,16,17,18,19,20,21,22,23,24,25,26,27,28 --augmented_pool_paths activations/flags_Qwen2.5-VL-7B-Instruct_augmented_pool_kaggle_full_canvas.pt --pool_max_images 150 --device cuda --output_dir dictionaries_kaggle_pool
<frozen site>:101: RuntimeWarning: Unexpected value in sys.prefix, expected /home/ahl4090/DAS-Explorations/VADE-evals/.venv, got /home/ahl4090/DAS-Explorations/VADE-evals/methods/../.venv
<frozen site>:101: RuntimeWarning: Unexpected value in sys.exec_prefix, expected /home/ahl4090/DAS-Explorations/VADE-evals/.venv, got /home/ahl4090/DAS-Explorations/VADE-evals/methods/../.venv
entity=flags token_sets=['flag_only'] num_layers=28 hidden_dim=3584 sae_device=cuda + extra pool (6500 images/token_set)
++ seq -s, 0 28
+ LAYERS=0,1,2,3,4,5,6,7,8,9,10,11,12,13,14,15,16,17,18,19,20,21,22,23,24,25,26,27,28
+ for ts in flag_only flag_ring1
+ ../.venv/bin/python -u fit_dictionaries.py --entity flags --method sae --token_sets flag_only --sae_layers 0,1,2,3,4,5,6,7,8,9,10,11,12,13,14,15,16,17,18,19,20,21,22,23,24,25,26,27,28 --augmented_pool_paths activations/flags_Qwen2.5-VL-7B-Instruct_augmented_pool_kaggle_full_canvas.pt --pool_max_images 600 --device cuda --output_dir dictionaries_kaggle_pool
<frozen site>:101: RuntimeWarning: Unexpected value in sys.prefix, expected /home/ahl4090/DAS-Explorations/VADE-evals/.venv, got /home/ahl4090/DAS-Explorations/VADE-evals/methods/../.venv
<frozen site>:101: RuntimeWarning: Unexpected value in sys.exec_prefix, expected /home/ahl4090/DAS-Explorations/VADE-evals/.venv, got /home/ahl4090/DAS-Explorations/VADE-evals/methods/../.venv
entity=flags token_sets=['flag_only'] num_layers=28 hidden_dim=3584 sae_device=cuda + extra pool (6500 images/token_set)
  sae token_set=flag_only layer= 0 dict_size=  7168 train_mse=0.0606 val_mse=0.06286347657442093 val_l0=578.8 (152.59s) -> dictionaries_kaggle_pool/flags/flag_only/layer0_sae_d7168.pt
  sae token_set=flag_only layer= 1 dict_size=  7168 train_mse=0.1162 val_mse=0.11790236830711365 val_l0=343.5 (150.64s) -> dictionaries_kaggle_pool/flags/flag_only/layer1_sae_d7168.pt
  sae token_set=flag_only layer= 2 dict_size=  7168 train_mse=0.1271 val_mse=0.128710076212883 val_l0=346.6 (150.59s) -> dictionaries_kaggle_pool/flags/flag_only/layer2_sae_d7168.pt
  sae token_set=flag_only layer= 3 dict_size=  7168 train_mse=0.1168 val_mse=0.1195782944560051 val_l0=455.3 (151.01s) -> dictionaries_kaggle_pool/flags/flag_only/layer3_sae_d7168.pt
  sae token_set=flag_only layer= 4 dict_size=  7168 train_mse=0.1154 val_mse=0.11905822902917862 val_l0=533.4 (151.13s) -> dictionaries_kaggle_pool/flags/flag_only/layer4_sae_d7168.pt
  sae token_set=flag_only layer= 5 dict_size=  7168 train_mse=0.1176 val_mse=0.1216643899679184 val_l0=602.2 (151.78s) -> dictionaries_kaggle_pool/flags/flag_only/layer5_sae_d7168.pt
  sae token_set=flag_only layer= 6 dict_size=  7168 train_mse=0.1262 val_mse=0.137968510389328 val_l0=740.2 (151.72s) -> dictionaries_kaggle_pool/flags/flag_only/layer6_sae_d7168.pt
  sae token_set=flag_only layer= 7 dict_size=  7168 train_mse=0.1322 val_mse=0.14406511187553406 val_l0=740.4 (152.13s) -> dictionaries_kaggle_pool/flags/flag_only/layer7_sae_d7168.pt
  sae token_set=flag_only layer= 8 dict_size=  7168 train_mse=0.1492 val_mse=0.15451867878437042 val_l0=828.3 (151.8s) -> dictionaries_kaggle_pool/flags/flag_only/layer8_sae_d7168.pt
  sae token_set=flag_only layer= 9 dict_size=  7168 train_mse=0.2062 val_mse=0.19607672095298767 val_l0=794.1 (151.75s) -> dictionaries_kaggle_pool/flags/flag_only/layer9_sae_d7168.pt
  sae token_set=flag_only layer=10 dict_size=  7168 train_mse=0.1852 val_mse=0.19024254381656647 val_l0=769.9 (151.34s) -> dictionaries_kaggle_pool/flags/flag_only/layer10_sae_d7168.pt
  sae token_set=flag_only layer=11 dict_size=  7168 train_mse=0.2208 val_mse=0.22618213295936584 val_l0=649.3 (151.1s) -> dictionaries_kaggle_pool/flags/flag_only/layer11_sae_d7168.pt
  sae token_set=flag_only layer=12 dict_size=  7168 train_mse=0.2320 val_mse=0.24367360770702362 val_l0=685.6 (151.17s) -> dictionaries_kaggle_pool/flags/flag_only/layer12_sae_d7168.pt
  sae token_set=flag_only layer=13 dict_size=  7168 train_mse=0.2756 val_mse=0.28174981474876404 val_l0=658.3 (150.94s) -> dictionaries_kaggle_pool/flags/flag_only/layer13_sae_d7168.pt
  sae token_set=flag_only layer=14 dict_size=  7168 train_mse=0.3642 val_mse=0.3403126001358032 val_l0=589.0 (150.77s) -> dictionaries_kaggle_pool/flags/flag_only/layer14_sae_d7168.pt
  sae token_set=flag_only layer=15 dict_size=  7168 train_mse=0.3502 val_mse=0.3562532365322113 val_l0=662.1 (151.03s) -> dictionaries_kaggle_pool/flags/flag_only/layer15_sae_d7168.pt
  sae token_set=flag_only layer=16 dict_size=  7168 train_mse=0.4044 val_mse=0.41247841715812683 val_l0=675.9 (151.22s) -> dictionaries_kaggle_pool/flags/flag_only/layer16_sae_d7168.pt
  sae token_set=flag_only layer=17 dict_size=  7168 train_mse=0.4297 val_mse=0.4365566670894623 val_l0=723.3 (150.82s) -> dictionaries_kaggle_pool/flags/flag_only/layer17_sae_d7168.pt
  sae token_set=flag_only layer=18 dict_size=  7168 train_mse=0.5663 val_mse=0.6387040615081787 val_l0=690.6 (150.59s) -> dictionaries_kaggle_pool/flags/flag_only/layer18_sae_d7168.pt
  sae token_set=flag_only layer=19 dict_size=  7168 train_mse=0.5343 val_mse=0.5428546667098999 val_l0=750.0 (150.97s) -> dictionaries_kaggle_pool/flags/flag_only/layer19_sae_d7168.pt
  sae token_set=flag_only layer=20 dict_size=  7168 train_mse=0.5876 val_mse=0.5828614234924316 val_l0=752.1 (150.75s) -> dictionaries_kaggle_pool/flags/flag_only/layer20_sae_d7168.pt
  sae token_set=flag_only layer=21 dict_size=  7168 train_mse=0.6783 val_mse=0.6892303824424744 val_l0=823.7 (150.84s) -> dictionaries_kaggle_pool/flags/flag_only/layer21_sae_d7168.pt
  sae token_set=flag_only layer=22 dict_size=  7168 train_mse=0.9099 val_mse=0.8702713847160339 val_l0=867.5 (151.55s) -> dictionaries_kaggle_pool/flags/flag_only/layer22_sae_d7168.pt
  sae token_set=flag_only layer=23 dict_size=  7168 train_mse=1.1515 val_mse=1.1733920574188232 val_l0=890.6 (151.11s) -> dictionaries_kaggle_pool/flags/flag_only/layer23_sae_d7168.pt
  sae token_set=flag_only layer=24 dict_size=  7168 train_mse=1.7820 val_mse=1.8749566078186035 val_l0=859.4 (150.87s) -> dictionaries_kaggle_pool/flags/flag_only/layer24_sae_d7168.pt
  sae token_set=flag_only layer=25 dict_size=  7168 train_mse=2.4214 val_mse=2.460707664489746 val_l0=964.1 (150.97s) -> dictionaries_kaggle_pool/flags/flag_only/layer25_sae_d7168.pt
  sae token_set=flag_only layer=26 dict_size=  7168 train_mse=3.5834 val_mse=3.5623481273651123 val_l0=1001.8 (150.98s) -> dictionaries_kaggle_pool/flags/flag_only/layer26_sae_d7168.pt
  sae token_set=flag_only layer=27 dict_size=  7168 train_mse=7.0612 val_mse=7.078800678253174 val_l0=645.8 (150.27s) -> dictionaries_kaggle_pool/flags/flag_only/layer27_sae_d7168.pt
  sae token_set=flag_only layer=28 dict_size=  7168 train_mse=1.9673 val_mse=2.0238752365112305 val_l0=654.6 (151.42s) -> dictionaries_kaggle_pool/flags/flag_only/layer28_sae_d7168.pt
appended 29 rows to dictionaries_kaggle_pool/flags/fit_log.jsonl
+ for ts in flag_only flag_ring1
+ ../.venv/bin/python -u fit_dictionaries.py --entity flags --method sae --token_sets flag_ring1 --sae_layers 0,1,2,3,4,5,6,7,8,9,10,11,12,13,14,15,16,17,18,19,20,21,22,23,24,25,26,27,28 --augmented_pool_paths activations/flags_Qwen2.5-VL-7B-Instruct_augmented_pool_kaggle_full_canvas.pt --pool_max_images 600 --device cuda --output_dir dictionaries_kaggle_pool
<frozen site>:101: RuntimeWarning: Unexpected value in sys.prefix, expected /home/ahl4090/DAS-Explorations/VADE-evals/.venv, got /home/ahl4090/DAS-Explorations/VADE-evals/methods/../.venv
<frozen site>:101: RuntimeWarning: Unexpected value in sys.exec_prefix, expected /home/ahl4090/DAS-Explorations/VADE-evals/.venv, got /home/ahl4090/DAS-Explorations/VADE-evals/methods/../.venv
entity=flags token_sets=['flag_ring1'] num_layers=28 hidden_dim=3584 sae_device=cuda + extra pool (6500 images/token_set)
  sae token_set=flag_ring1 layer= 0 dict_size=  7168 train_mse=0.0607 val_mse=0.06381344795227051 val_l0=571.8 (155.98s) -> dictionaries_kaggle_pool/flags/flag_ring1/layer0_sae_d7168.pt
  sae token_set=flag_ring1 layer= 1 dict_size=  7168 train_mse=0.1183 val_mse=0.12221390753984451 val_l0=337.2 (153.22s) -> dictionaries_kaggle_pool/flags/flag_ring1/layer1_sae_d7168.pt
  sae token_set=flag_ring1 layer= 2 dict_size=  7168 train_mse=0.1279 val_mse=0.132041335105896 val_l0=341.9 (152.91s) -> dictionaries_kaggle_pool/flags/flag_ring1/layer2_sae_d7168.pt
  sae token_set=flag_ring1 layer= 3 dict_size=  7168 train_mse=0.1247 val_mse=0.13077811896800995 val_l0=454.3 (153.48s) -> dictionaries_kaggle_pool/flags/flag_ring1/layer3_sae_d7168.pt
  sae token_set=flag_ring1 layer= 4 dict_size=  7168 train_mse=0.1180 val_mse=0.1261187642812729 val_l0=529.9 (153.68s) -> dictionaries_kaggle_pool/flags/flag_ring1/layer4_sae_d7168.pt
  sae token_set=flag_ring1 layer= 5 dict_size=  7168 train_mse=0.1183 val_mse=0.12481275200843811 val_l0=595.7 (153.9s) -> dictionaries_kaggle_pool/flags/flag_ring1/layer5_sae_d7168.pt
  sae token_set=flag_ring1 layer= 6 dict_size=  7168 train_mse=0.1108 val_mse=0.11654821038246155 val_l0=748.2 (154.13s) -> dictionaries_kaggle_pool/flags/flag_ring1/layer6_sae_d7168.pt
  sae token_set=flag_ring1 layer= 7 dict_size=  7168 train_mse=0.1304 val_mse=0.13509498536586761 val_l0=756.2 (154.2s) -> dictionaries_kaggle_pool/flags/flag_ring1/layer7_sae_d7168.pt
  sae token_set=flag_ring1 layer= 8 dict_size=  7168 train_mse=0.1523 val_mse=0.15819814801216125 val_l0=811.8 (154.42s) -> dictionaries_kaggle_pool/flags/flag_ring1/layer8_sae_d7168.pt
  sae token_set=flag_ring1 layer= 9 dict_size=  7168 train_mse=0.1864 val_mse=0.19214481115341187 val_l0=808.9 (154.19s) -> dictionaries_kaggle_pool/flags/flag_ring1/layer9_sae_d7168.pt
  sae token_set=flag_ring1 layer=10 dict_size=  7168 train_mse=0.1965 val_mse=0.19701682031154633 val_l0=734.1 (153.99s) -> dictionaries_kaggle_pool/flags/flag_ring1/layer10_sae_d7168.pt
  sae token_set=flag_ring1 layer=11 dict_size=  7168 train_mse=0.2235 val_mse=0.23077481985092163 val_l0=641.6 (153.41s) -> dictionaries_kaggle_pool/flags/flag_ring1/layer11_sae_d7168.pt
  sae token_set=flag_ring1 layer=12 dict_size=  7168 train_mse=0.2281 val_mse=0.23551881313323975 val_l0=709.6 (153.53s) -> dictionaries_kaggle_pool/flags/flag_ring1/layer12_sae_d7168.pt
  sae token_set=flag_ring1 layer=13 dict_size=  7168 train_mse=0.2792 val_mse=0.2876014709472656 val_l0=636.7 (153.45s) -> dictionaries_kaggle_pool/flags/flag_ring1/layer13_sae_d7168.pt
  sae token_set=flag_ring1 layer=14 dict_size=  7168 train_mse=0.4182 val_mse=0.458797425031662 val_l0=626.2 (153.11s) -> dictionaries_kaggle_pool/flags/flag_ring1/layer14_sae_d7168.pt
  sae token_set=flag_ring1 layer=15 dict_size=  7168 train_mse=0.3563 val_mse=0.36552613973617554 val_l0=659.7 (153.4s) -> dictionaries_kaggle_pool/flags/flag_ring1/layer15_sae_d7168.pt
  sae token_set=flag_ring1 layer=16 dict_size=  7168 train_mse=0.4155 val_mse=0.42641013860702515 val_l0=647.7 (153.04s) -> dictionaries_kaggle_pool/flags/flag_ring1/layer16_sae_d7168.pt
  sae token_set=flag_ring1 layer=17 dict_size=  7168 train_mse=0.4261 val_mse=0.4365790784358978 val_l0=718.5 (153.13s) -> dictionaries_kaggle_pool/flags/flag_ring1/layer17_sae_d7168.pt
  sae token_set=flag_ring1 layer=18 dict_size=  7168 train_mse=0.4994 val_mse=0.5078516006469727 val_l0=664.5 (153.19s) -> dictionaries_kaggle_pool/flags/flag_ring1/layer18_sae_d7168.pt
  sae token_set=flag_ring1 layer=19 dict_size=  7168 train_mse=0.5446 val_mse=0.5687174201011658 val_l0=719.6 (153.18s) -> dictionaries_kaggle_pool/flags/flag_ring1/layer19_sae_d7168.pt
  sae token_set=flag_ring1 layer=20 dict_size=  7168 train_mse=0.5731 val_mse=0.5843276977539062 val_l0=760.7 (153.15s) -> dictionaries_kaggle_pool/flags/flag_ring1/layer20_sae_d7168.pt
  sae token_set=flag_ring1 layer=21 dict_size=  7168 train_mse=0.6802 val_mse=0.6955393552780151 val_l0=814.6 (153.39s) -> dictionaries_kaggle_pool/flags/flag_ring1/layer21_sae_d7168.pt
  sae token_set=flag_ring1 layer=22 dict_size=  7168 train_mse=0.8504 val_mse=0.8698912858963013 val_l0=877.3 (153.31s) -> dictionaries_kaggle_pool/flags/flag_ring1/layer22_sae_d7168.pt
  sae token_set=flag_ring1 layer=23 dict_size=  7168 train_mse=1.1767 val_mse=1.1972495317459106 val_l0=855.9 (153.71s) -> dictionaries_kaggle_pool/flags/flag_ring1/layer23_sae_d7168.pt
  sae token_set=flag_ring1 layer=24 dict_size=  7168 train_mse=1.7343 val_mse=1.7703094482421875 val_l0=903.5 (153.5s) -> dictionaries_kaggle_pool/flags/flag_ring1/layer24_sae_d7168.pt
  sae token_set=flag_ring1 layer=25 dict_size=  7168 train_mse=2.4219 val_mse=2.4786813259124756 val_l0=966.8 (153.28s) -> dictionaries_kaggle_pool/flags/flag_ring1/layer25_sae_d7168.pt
  sae token_set=flag_ring1 layer=26 dict_size=  7168 train_mse=3.5108 val_mse=3.5951361656188965 val_l0=1008.3 (153.3s) -> dictionaries_kaggle_pool/flags/flag_ring1/layer26_sae_d7168.pt
  sae token_set=flag_ring1 layer=27 dict_size=  7168 train_mse=7.0942 val_mse=7.063909530639648 val_l0=641.9 (152.61s) -> dictionaries_kaggle_pool/flags/flag_ring1/layer27_sae_d7168.pt
  sae token_set=flag_ring1 layer=28 dict_size=  7168 train_mse=1.9246 val_mse=1.942699909210205 val_l0=655.7 (153.7s) -> dictionaries_kaggle_pool/flags/flag_ring1/layer28_sae_d7168.pt
appended 29 rows to dictionaries_kaggle_pool/flags/fit_log.jsonl
+ echo ALL_SAE_SWEEPS_DONE
ALL_SAE_SWEEPS_DONE
