[Sun Sep 13 16:50:27 UTC 2026] Starting full head_trace rerun batch (phase 3 now included).
[Sun Sep 13 16:50:27 UTC 2026] START head_trace_flags_language_patch21_full_image_blocks22-25_p3: /workspace/VADE/.venv/bin/python methods/head_trace.py --entity flags --attribute language --patch_layer 21 --positions full_image --blocks 22 23 24 25
[Sun Sep 13 16:51:46 UTC 2026] END head_trace_flags_language_patch21_full_image_blocks22-25_p3 (exit 0)
[Sun Sep 13 16:51:46 UTC 2026] START head_trace_flags_language_patch21_full_image_blocks22-25_k32_p3: /workspace/VADE/.venv/bin/python methods/head_trace.py --entity flags --attribute language --patch_layer 21 --positions full_image --blocks 22 23 24 25 --knockout_ks 1 2 4 8 16 32
[Sun Sep 13 16:53:06 UTC 2026] END head_trace_flags_language_patch21_full_image_blocks22-25_k32_p3 (exit 0)
[Sun Sep 13 16:53:06 UTC 2026] START head_trace_flags_language_patch21_full_image_blocks22-25_n128k128_p3: /workspace/VADE/.venv/bin/python methods/head_trace.py --entity flags --attribute language --patch_layer 21 --positions full_image --blocks 22 23 24 25 --n_rows 128 --knockout_ks 1 2 4 8 16 32 64 128
[Sun Sep 13 16:57:57 UTC 2026] END head_trace_flags_language_patch21_full_image_blocks22-25_n128k128_p3 (exit 0)
[Sun Sep 13 16:57:57 UTC 2026] START head_trace_flags_language_patch21_full_image_blocks22-25_n128k112_p3: /workspace/VADE/.venv/bin/python methods/head_trace.py --entity flags --attribute language --patch_layer 21 --positions full_image --blocks 22 23 24 25 --n_rows 128 --knockout_ks 1 2 4 8 16 32 64 112
[Sun Sep 13 17:03:12 UTC 2026] END head_trace_flags_language_patch21_full_image_blocks22-25_n128k112_p3 (exit 0)
[Sun Sep 13 17:03:12 UTC 2026] START head_trace_flags_language_patch22_full_image_blocks22-25_n128k112_p3: /workspace/VADE/.venv/bin/python methods/head_trace.py --entity flags --attribute language --patch_layer 22 --positions full_image --blocks 22 23 24 25 --n_rows 128 --knockout_ks 1 2 4 8 16 32 64 112
[Sun Sep 13 17:08:27 UTC 2026] END head_trace_flags_language_patch22_full_image_blocks22-25_n128k112_p3 (exit 0)
[Sun Sep 13 17:08:27 UTC 2026] START head_trace_flags_language_patch21_full_image_blocks21-24_n128k112_p3: /workspace/VADE/.venv/bin/python methods/head_trace.py --entity flags --attribute language --patch_layer 21 --positions full_image --blocks 21 22 23 24 --n_rows 128 --knockout_ks 1 2 4 8 16 32 64 112
[Sun Sep 13 17:13:41 UTC 2026] END head_trace_flags_language_patch21_full_image_blocks21-24_n128k112_p3 (exit 0)
[Sun Sep 13 17:13:41 UTC 2026] START head_trace_flags_language_patch21_full_image_blocks21-25_n128k140_p3: /workspace/VADE/.venv/bin/python methods/head_trace.py --entity flags --attribute language --patch_layer 21 --positions full_image --blocks 21 22 23 24 25 --n_rows 128 --knockout_ks 1 2 4 8 16 32 64 128 140
[Sun Sep 13 17:19:16 UTC 2026] END head_trace_flags_language_patch21_full_image_blocks21-25_n128k140_p3 (exit 0)
[Sun Sep 13 17:19:16 UTC 2026] START head_trace_flags_language_patch21_full_image_blocks21-26_n128k168_p3: /workspace/VADE/.venv/bin/python methods/head_trace.py --entity flags --attribute language --patch_layer 21 --positions full_image --blocks 21 22 23 24 25 26 --n_rows 128 --knockout_ks 1 2 4 8 16 32 64 128 168
[Sun Sep 13 17:24:55 UTC 2026] END head_trace_flags_language_patch21_full_image_blocks21-26_n128k168_p3 (exit 0)
[Sun Sep 13 17:24:55 UTC 2026] START head_trace_flags_language_patch21_full_image_blocks21-27_n128k196_p3: /workspace/VADE/.venv/bin/python methods/head_trace.py --entity flags --attribute language --patch_layer 21 --positions full_image --blocks 21 22 23 24 25 26 27 --n_rows 128 --knockout_ks 1 2 4 8 16 32 64 128 196
[Sun Sep 13 17:30:35 UTC 2026] END head_trace_flags_language_patch21_full_image_blocks21-27_n128k196_p3 (exit 0)
[Sun Sep 13 17:30:35 UTC 2026] Full head_trace rerun batch complete.
