[32mActivated conda/uv virtual environment at [36m/venv/main[0m
### ROUND 1 (batch_size=16, grad_accum_steps=4) starting 2026-09-20T13:38:33+00:00 ###
=== 2026-09-20T13:38:33+00:00 START: python methods/head_das.py --attribute language --method das_rotated --mask_coef 3e-4 --train_rows 6000 --eval_rows 2000 --batch_size 16 --grad_accum_steps 4 --out_dir results/head_das/flags/language_das_rotated_m3e-4 ===
=== 2026-09-20T14:27:26+00:00 OK: python methods/head_das.py --attribute language --method das_rotated --mask_coef 3e-4 --train_rows 6000 --eval_rows 2000 --batch_size 16 --grad_accum_steps 4 --out_dir results/head_das/flags/language_das_rotated_m3e-4 ===
=== 2026-09-20T14:27:26+00:00 START: python ../VADE/eval/score.py --entity flags --attribute language --predictions results/head_das/flags/language_das_rotated_m3e-4/predictions.jsonl ===
=== 2026-09-20T14:27:27+00:00 OK: python ../VADE/eval/score.py --entity flags --attribute language --predictions results/head_das/flags/language_das_rotated_m3e-4/predictions.jsonl ===
=== 2026-09-20T14:27:27+00:00 START: python methods/head_das.py --attribute language --method das_rotated --mask_coef 1e-3 --train_rows 6000 --eval_rows 2000 --batch_size 16 --grad_accum_steps 4 --out_dir results/head_das/flags/language_das_rotated_m1e-3 ===
=== 2026-09-20T15:14:02+00:00 OK: python methods/head_das.py --attribute language --method das_rotated --mask_coef 1e-3 --train_rows 6000 --eval_rows 2000 --batch_size 16 --grad_accum_steps 4 --out_dir results/head_das/flags/language_das_rotated_m1e-3 ===
=== 2026-09-20T15:14:02+00:00 START: python ../VADE/eval/score.py --entity flags --attribute language --predictions results/head_das/flags/language_das_rotated_m1e-3/predictions.jsonl ===
=== 2026-09-20T15:14:02+00:00 OK: python ../VADE/eval/score.py --entity flags --attribute language --predictions results/head_das/flags/language_das_rotated_m1e-3/predictions.jsonl ===
=== 2026-09-20T15:14:02+00:00 START: python methods/head_das.py --attribute language --method das_rotated --mask_coef 3e-3 --train_rows 6000 --eval_rows 2000 --batch_size 16 --grad_accum_steps 4 --out_dir results/head_das/flags/language_das_rotated_m3e-3 ===
=== 2026-09-20T16:00:46+00:00 OK: python methods/head_das.py --attribute language --method das_rotated --mask_coef 3e-3 --train_rows 6000 --eval_rows 2000 --batch_size 16 --grad_accum_steps 4 --out_dir results/head_das/flags/language_das_rotated_m3e-3 ===
=== 2026-09-20T16:00:46+00:00 START: python ../VADE/eval/score.py --entity flags --attribute language --predictions results/head_das/flags/language_das_rotated_m3e-3/predictions.jsonl ===
=== 2026-09-20T16:00:46+00:00 OK: python ../VADE/eval/score.py --entity flags --attribute language --predictions results/head_das/flags/language_das_rotated_m3e-3/predictions.jsonl ===
=== 2026-09-20T16:00:46+00:00 START: python methods/head_das.py --attribute language --method das_fixed --subspace_dim 128,256,256 --train_rows 6000 --eval_rows 2000 --batch_size 16 --grad_accum_steps 4 --out_dir results/head_das/flags/language_das_fixed_k128-256-256 ===
=== 2026-09-20T16:49:04+00:00 OK: python methods/head_das.py --attribute language --method das_fixed --subspace_dim 128,256,256 --train_rows 6000 --eval_rows 2000 --batch_size 16 --grad_accum_steps 4 --out_dir results/head_das/flags/language_das_fixed_k128-256-256 ===
=== 2026-09-20T16:49:04+00:00 START: python ../VADE/eval/score.py --entity flags --attribute language --predictions results/head_das/flags/language_das_fixed_k128-256-256/predictions.jsonl ===
=== 2026-09-20T16:49:04+00:00 OK: python ../VADE/eval/score.py --entity flags --attribute language --predictions results/head_das/flags/language_das_fixed_k128-256-256/predictions.jsonl ===
=== 2026-09-20T16:49:04+00:00 START: python methods/head_das.py --attribute language --method das_fixed --subspace_dim 192,256,256 --train_rows 6000 --eval_rows 2000 --batch_size 16 --grad_accum_steps 4 --out_dir results/head_das/flags/language_das_fixed_k192-256-256 ===
=== 2026-09-20T17:38:12+00:00 OK: python methods/head_das.py --attribute language --method das_fixed --subspace_dim 192,256,256 --train_rows 6000 --eval_rows 2000 --batch_size 16 --grad_accum_steps 4 --out_dir results/head_das/flags/language_das_fixed_k192-256-256 ===
=== 2026-09-20T17:38:12+00:00 START: python ../VADE/eval/score.py --entity flags --attribute language --predictions results/head_das/flags/language_das_fixed_k192-256-256/predictions.jsonl ===
=== 2026-09-20T17:38:12+00:00 OK: python ../VADE/eval/score.py --entity flags --attribute language --predictions results/head_das/flags/language_das_fixed_k192-256-256/predictions.jsonl ===
=== 2026-09-20T17:38:12+00:00 START: python methods/head_das.py --attribute capital --method das_fixed --subspace_dim 128 --train_rows 6000 --eval_rows 2000 --batch_size 16 --grad_accum_steps 4 --out_dir results/head_das/flags/capital_das_fixed_k128 ===
